<html>
<body>
<pre>
<h1>µVision Build Log</h1>
<h2>Tool Versions:</h2>
IDE-Version: µVision V5.29.0.0
Copyright (C) 2019 ARM Ltd and ARM Germany GmbH. All rights reserved.
License Information: Dung Vo, University of Wisconsin Madison, LIC=----
 
Tool Versions:
Toolchain:       MDK-Lite  Version: 5.29.0.0
Toolchain Path:  C:\Keil_v5\ARM\ARMCC\Bin
C Compiler:      Armcc.exe V5.06 update 6 (build 750)
Assembler:       Armasm.exe V5.06 update 6 (build 750)
Linker/Locator:  ArmLink.exe V5.06 update 6 (build 750)
Library Manager: ArmAr.exe V5.06 update 6 (build 750)
Hex Converter:   FromElf.exe V5.06 update 6 (build 750)
CPU DLL:         SARMCM3.DLL V5.29.0.0
Dialog DLL:      DCM.DLL V1.17.3.0
Target DLL:      lmidk-agdi.dll V???
Dialog DLL:      TCM.DLL V1.36.5.0
 
<h2>Project:</h2>
C:\Users\Dell\Desktop\Wisconsin\Study\Compsci_GIT\ECE-353-Final-Project\Project\Project.uvprojx
Project File Date:  12/10/2019

<h2>Output:</h2>
*** Using Compiler 'V5.06 update 6 (build 750)', folder: 'C:\Keil_v5\ARM\ARMCC\Bin'
Rebuild target 'Project-F19'
compiling adc.c...
compiling i2c.c...
compiling project_hardware_init.c...
project_bitmaps.h(93): warning:  #1-D: last line of file ends without a newline
  #endif
project_hardware_init.c: 1 warning, 0 errors
compiling gpio_port.c...
..\drivers\c\gpio_port.c(82): warning:  #188-D: enumerated type mixed with another type
         return 0;
..\drivers\c\gpio_port.c: 1 warning, 0 errors
compiling project_interrupts.c...
project_bitmaps.h(93): warning:  #1-D: last line of file ends without a newline
  #endif
project_interrupts.c(80): warning:  #1035-D: single-precision operand implicitly converted to double-precision
  	if (joy_x_data > 0.8484) {
project_interrupts.c(88): warning:  #1035-D: single-precision operand implicitly converted to double-precision
  	} else if (joy_x_data < 0.1818) {
project_interrupts.c(97): warning:  #1035-D: single-precision operand implicitly converted to double-precision
  		if (joy_y_data > 0.8484) {
project_interrupts.c(105): warning:  #1035-D: single-precision operand implicitly converted to double-precision
  		} else if (joy_y_data < 0.1818) {
project_interrupts.c(128): warning:  #177-D: variable "msg"  was declared but never referenced
  	char msg[80];
project_interrupts.c: 6 warnings, 0 errors
compiling main.c...
project_bitmaps.h(93): warning:  #1-D: last line of file ends without a newline
  #endif
main.c(229): warning:  #177-D: variable "data"  was declared but never referenced
  	uint8_t data;	
main.c(236): warning:  #177-D: variable "high_score"  was declared but never referenced
  	uint32_t high_score = 0;
main.c(249): warning:  #550-D: variable "red_dead"  was set but never used
  	bool red_dead = false;
main.c(250): warning:  #177-D: variable "knight_reached_edge"  was declared but never referenced
  	bool knight_reached_edge = false;
main.c(257): warning:  #177-D: variable "msg"  was declared but never referenced
  	char msg[80];
main.c: 6 warnings, 0 errors
compiling project_bitmaps.c...
project_bitmaps.h(93): warning:  #1-D: last line of file ends without a newline
  #endif
project_bitmaps.c(676): warning:  #1-D: last line of file ends without a newline
  const uint8_t small_dragon_height = 33;
project_bitmaps.c: 2 warnings, 0 errors
compiling pc_buffer.c...
compiling spi.c...
compiling timers.c...
compiling uart.c...
..\drivers\c\uart.c(184): warning:  #188-D: enumerated type mixed with another type
         return 0;
..\drivers\c\uart.c: 1 warning, 0 errors
compiling io_expander.c...
compiling eeprom.c...
..\peripherals\c\eeprom.c(135): warning:  #550-D: variable "status"  was set but never used
    i2c_status_t status;
..\peripherals\c\eeprom.c: 1 warning, 0 errors
compiling accel.c...
compiling ft6x06.c...
..\peripherals\c\ft6x06.c(22): warning:  #550-D: variable "gpioPort"  was set but never used
    GPIOA_Type  *gpioPort;
..\peripherals\c\ft6x06.c: 1 warning, 0 errors
assembling ws2812b.s...
assembling startup_TM4C123.s...
compiling launchpad_io.c...
compiling spi_select.c...
compiling ps2.c...
compiling serial_debug.c...
..\peripherals\c\serial_debug.c(190): warning:  #177-D: variable "uart_base"  was declared but never referenced
     uint32_t uart_base;
..\peripherals\c\serial_debug.c(191): warning:  #177-D: variable "tx_buffer"  was declared but never referenced
     PC_Buffer *tx_buffer;
..\peripherals\c\serial_debug.c: 2 warnings, 0 errors
compiling lcd.c...
compiling system_TM4C123.c...
linking...
Program Size: Code=13824 RO-data=3816 RW-data=36 ZI-data=4156  
".\obj\ece353_base_project.axf" - 0 Error(s), 21 Warning(s).

<h2>Software Packages used:</h2>

Package Vendor: ARM
                http://www.keil.com/pack/ARM.CMSIS.5.6.0.pack
                ARM.CMSIS.5.6.0
                CMSIS (Cortex Microcontroller Software Interface Standard)
   * Component: CORE Version: 5.3.0

Package Vendor: Keil
                http://www.keil.com/pack/Keil.TM4C_DFP.1.1.0.pack
                Keil.TM4C_DFP.1.1.0
                Texas Instruments Tiva C Series Device Support and Examples
   * Component: Startup Version: 1.0.1

<h2>Collection of Component include folders:</h2>
  .\RTE\_Project-F19
  C:\Users\Dell\AppData\Local\Arm\Packs\ARM\CMSIS\5.6.0\CMSIS\Core\Include
  C:\Users\Dell\AppData\Local\Arm\Packs\Keil\TM4C_DFP\1.1.0\Device\Include\TM4C123

<h2>Collection of Component Files used:</h2>

   * Component: ARM::CMSIS:CORE:5.3.0

   * Component: Keil::Device:Startup:1.0.1
      Include file:  Device\Include\TM4C123\TM4C123.h
      Source file:   Device\Source\system_TM4C123.c
      Source file:   Device\Source\ARM\startup_TM4C123.s
Build Time Elapsed:  00:00:03
</pre>
</body>
</html>
