<html>
<body>
<pre>
<h1>µVision Build Log</h1>
<h2>Tool Versions:</h2>
IDE-Version: µVision V5.29.0.0
Copyright (C) 2019 ARM Ltd and ARM Germany GmbH. All rights reserved.
License Information: Dung Vo, University of Wisconsin Madison, LIC=----
 
Tool Versions:
Toolchain:       MDK-Lite  Version: 5.29.0.0
Toolchain Path:  C:\Keil_v5\ARM\ARMCC\Bin
C Compiler:      Armcc.exe V5.06 update 6 (build 750)
Assembler:       Armasm.exe V5.06 update 6 (build 750)
Linker/Locator:  ArmLink.exe V5.06 update 6 (build 750)
Library Manager: ArmAr.exe V5.06 update 6 (build 750)
Hex Converter:   FromElf.exe V5.06 update 6 (build 750)
CPU DLL:         SARMCM3.DLL V5.29.0.0
Dialog DLL:      DCM.DLL V1.17.3.0
Target DLL:      lmidk-agdi.dll V???
Dialog DLL:      TCM.DLL V1.36.5.0
 
<h2>Project:</h2>
C:\Users\Dell\Desktop\Wisconsin\Study\Compsci_GIT\FInal-Project-353\Project\Project.uvprojx
Project File Date:  12/10/2019

<h2>Output:</h2>
*** Using Compiler 'V5.06 update 6 (build 750)', folder: 'C:\Keil_v5\ARM\ARMCC\Bin'
Build target 'Project-F19'
compiling main.c...
project_bitmaps.h(102): warning:  #1-D: last line of file ends without a newline
  #endif
main.c(254): warning:  #177-D: variable "dead_dragons"  was declared but never referenced
  	int dead_dragons = 0;
main.c(268): warning:  #177-D: variable "read_val"  was declared but never referenced
    uint8_t read_val;
main.c(295): warning:  #177-D: variable "read_val"  was declared but never referenced
    uint8_t read_val;
main.c(462): warning:  #223-D: function "abs" declared implicitly
  						collide_x = abs(shot_x - red_dragon_x);
main.c(495): warning:  #223-D: function "abs" declared implicitly
  				knight_collide_x = abs(fire_x - knight_x);
main.c(344): warning:  #177-D: variable "high_score"  was declared but never referenced
  	uint32_t high_score = 0;
main.c(345): warning:  #177-D: variable "prev_high_score"  was declared but never referenced
  	uint32_t prev_high_score = 0;
main.c(362): warning:  #177-D: variable "isUpPressed"  was declared but never referenced
  	bool isUpPressed = false;
main.c(364): warning:  #550-D: variable "red_dead"  was set but never used
  	bool red_dead = false;
main.c(365): warning:  #177-D: variable "knight_reached_edge"  was declared but never referenced
  	bool knight_reached_edge = false;
main.c: 11 warnings, 0 errors
linking...
Program Size: Code=15032 RO-data=4584 RW-data=36 ZI-data=4156  
".\obj\ece353_base_project.axf" - 0 Error(s), 11 Warning(s).

<h2>Software Packages used:</h2>

Package Vendor: ARM
                http://www.keil.com/pack/ARM.CMSIS.5.6.0.pack
                ARM.CMSIS.5.6.0
                CMSIS (Cortex Microcontroller Software Interface Standard)
   * Component: CORE Version: 5.3.0

Package Vendor: Keil
                http://www.keil.com/pack/Keil.TM4C_DFP.1.1.0.pack
                Keil.TM4C_DFP.1.1.0
                Texas Instruments Tiva C Series Device Support and Examples
   * Component: Startup Version: 1.0.1

<h2>Collection of Component include folders:</h2>
  .\RTE\_Project-F19
  C:\Users\Dell\AppData\Local\Arm\Packs\ARM\CMSIS\5.6.0\CMSIS\Core\Include
  C:\Users\Dell\AppData\Local\Arm\Packs\Keil\TM4C_DFP\1.1.0\Device\Include\TM4C123

<h2>Collection of Component Files used:</h2>

   * Component: ARM::CMSIS:CORE:5.3.0

   * Component: Keil::Device:Startup:1.0.1
      Include file:  Device\Include\TM4C123\TM4C123.h
      Source file:   Device\Source\system_TM4C123.c
      Source file:   Device\Source\ARM\startup_TM4C123.s
Build Time Elapsed:  00:00:01
</pre>
</body>
</html>
