Component: ARM Compiler 5.06 update 6 (build 750) Tool: armlink [4d35ed]

==============================================================================

Section Cross References

    main.o(.text) refers to lcd.o(.text) for lcd_draw_rectangle
    main.o(.text) refers to project_bitmaps.o(.constdata) for start_height
    main.o(.text) refers to main.o(.bss) for dragons
    main.o(.text) refers to validate_uart.o(.text) for initialize_serial_debug
    main.o(.text) refers to project_hardware_init.o(.text) for initialize_hardware
    main.o(.text) refers to ft6x06.o(.text) for ft6x06_read_td_status
    main.o(.text) refers to io_expander.o(.text) for io_expander_read_reg
    main.o(.text) refers to accel.o(.text) for accel_read_x
    main.o(.text) refers to project_interrupts.o(.data) for left
    project_hardware_init.o(.text) refers to ft6x06.o(.text) for ft6x06_init
    project_hardware_init.o(.text) refers to eeprom.o(.text) for eeprom_init
    project_hardware_init.o(.text) refers to io_expander.o(.text) for io_expander_write_reg
    project_hardware_init.o(.text) refers to accel.o(.text) for accel_initialize
    project_hardware_init.o(.text) refers to lcd.o(.text) for lcd_config_screen
    project_hardware_init.o(.text) refers to gpio_port.o(.text) for gpio_enable_port
    project_hardware_init.o(.text) refers to main.o(.text) for DisableInterrupts
    project_hardware_init.o(.text) refers to serial_debug.o(.text) for init_serial_debug
    project_interrupts.o(.text) refers to launchpad_io.o(.text) for lp_io_read_pin
    project_interrupts.o(.text) refers to f2d.o(.text) for __aeabi_f2d
    project_interrupts.o(.text) refers to cdrcmple.o(.text) for __aeabi_cdrcmple
    project_interrupts.o(.text) refers to cdcmple.o(.text) for __aeabi_cdcmple
    project_interrupts.o(.text) refers to io_expander.o(.text) for io_expander_read_reg
    project_interrupts.o(.text) refers to project_interrupts.o(.data) for count
    pc_buffer.o(.text) refers to malloc.o(i.malloc) for malloc
    io_expander.o(.text) refers to gpio_port.o(.text) for gpio_enable_port
    io_expander.o(.text) refers to i2c.o(.text) for initializeI2CMaster
    accel.o(.text) refers to spi.o(.text) for spiTx
    accel.o(.text) refers to spi_select.o(.text) for spi_select_init
    accel.o(.text) refers to gpio_port.o(.text) for gpio_enable_port
    eeprom.o(.text) refers to i2c.o(.text) for i2cVerifyBaseAddr
    eeprom.o(.text) refers to gpio_port.o(.text) for gpio_enable_port
    ft6x06.o(.text) refers to i2c.o(.text) for I2CMasterBusy
    ft6x06.o(.text) refers to gpio_port.o(.text) for gpio_enable_port
    lcd.o(.text) refers to lcd.o(i.lcd_write_data_u16) for lcd_write_data_u16
    lcd.o(.text) refers to gpio_port.o(.text) for gpio_enable_port
    ps2.o(.text) refers to gpio_port.o(.text) for gpio_enable_port
    ps2.o(.text) refers to adc.o(.text) for initialize_adc
    serial_debug.o(.text) refers to gpio_port.o(.text) for gpio_enable_port
    serial_debug.o(.text) refers to pc_buffer.o(.text) for pc_buffer_init
    serial_debug.o(.text) refers to uart.o(.text) for uart_init
    serial_debug.o(.text) refers to main.o(.text) for DisableInterrupts
    serial_debug.o(.text) refers to malloc.o(i.malloc) for malloc
    serial_debug.o(.text) refers to malloc.o(i.free) for free
    serial_debug.o(.text) refers to serial_debug.o(.data) for Rx_Interrupts_Enabled
    serial_debug.o(.text) refers to serial_debug.o(.bss) for UART0_Tx_Buffer
    serial_debug.o(.text) refers to stdout.o(.data) for __stdout
    spi_select.o(.text) refers to gpio_port.o(.text) for gpio_enable_port
    startup_tm4c123.o(RESET) refers to startup_tm4c123.o(STACK) for __initial_sp
    startup_tm4c123.o(RESET) refers to startup_tm4c123.o(.text) for Reset_Handler
    startup_tm4c123.o(RESET) refers to serial_debug.o(.text) for UART0_Handler
    startup_tm4c123.o(RESET) refers to project_interrupts.o(.text) for ADC0SS1_Handler
    startup_tm4c123.o(.text) refers to system_tm4c123.o(.text) for SystemInit
    startup_tm4c123.o(.text) refers to entry.o(.ARM.Collect$$$$00000000) for __main
    system_tm4c123.o(.text) refers to system_tm4c123.o(.data) for SystemCoreClock
    validate_uart.o(.text) refers to printf6.o(i.__0sprintf$6) for __2sprintf
    validate_uart.o(.text) refers to validate_sysctl.o(.text) for validate_uart_rcgc
    validate_uart.o(.text) refers to validate_uart.o(.conststring) for .conststring
    entry.o(.ARM.Collect$$$$00000000) refers (Special) to entry10a.o(.ARM.Collect$$$$0000000D) for __rt_final_cpp
    entry.o(.ARM.Collect$$$$00000000) refers (Special) to entry11a.o(.ARM.Collect$$$$0000000F) for __rt_final_exit
    entry.o(.ARM.Collect$$$$00000000) refers (Special) to entry7b.o(.ARM.Collect$$$$00000008) for _main_clock
    entry.o(.ARM.Collect$$$$00000000) refers (Special) to entry8b.o(.ARM.Collect$$$$0000000A) for _main_cpp_init
    entry.o(.ARM.Collect$$$$00000000) refers (Special) to entry9a.o(.ARM.Collect$$$$0000000B) for _main_init
    entry.o(.ARM.Collect$$$$00000000) refers (Special) to entry5.o(.ARM.Collect$$$$00000004) for _main_scatterload
    entry.o(.ARM.Collect$$$$00000000) refers (Special) to entry2.o(.ARM.Collect$$$$00000001) for _main_stk
    printfb.o(i.__0fprintf$bare) refers to printfb.o(i._printf_core) for _printf_core
    printfb.o(i.__0fprintf$bare) refers to serial_debug.o(.text) for fputc
    printfb.o(i.__0printf$bare) refers to printfb.o(i._printf_core) for _printf_core
    printfb.o(i.__0printf$bare) refers to serial_debug.o(.text) for fputc
    printfb.o(i.__0printf$bare) refers to stdout.o(.data) for __stdout
    printfb.o(i.__0snprintf$bare) refers to printfb.o(i._printf_core) for _printf_core
    printfb.o(i.__0snprintf$bare) refers to printfb.o(i._snputc) for _snputc
    printfb.o(i.__0sprintf$bare) refers to printfb.o(i._printf_core) for _printf_core
    printfb.o(i.__0sprintf$bare) refers to printfb.o(i._sputc) for _sputc
    printfb.o(i.__0vfprintf$bare) refers to printfb.o(i._printf_core) for _printf_core
    printfb.o(i.__0vfprintf$bare) refers to serial_debug.o(.text) for fputc
    printfb.o(i.__0vprintf$bare) refers to printfb.o(i._printf_core) for _printf_core
    printfb.o(i.__0vprintf$bare) refers to serial_debug.o(.text) for fputc
    printfb.o(i.__0vprintf$bare) refers to stdout.o(.data) for __stdout
    printfb.o(i.__0vsnprintf$bare) refers to printfb.o(i._printf_core) for _printf_core
    printfb.o(i.__0vsnprintf$bare) refers to printfb.o(i._snputc) for _snputc
    printfb.o(i.__0vsprintf$bare) refers to printfb.o(i._printf_core) for _printf_core
    printfb.o(i.__0vsprintf$bare) refers to printfb.o(i._sputc) for _sputc
    printf0.o(i.__0fprintf$0) refers to printf0.o(i._printf_core) for _printf_core
    printf0.o(i.__0fprintf$0) refers to serial_debug.o(.text) for fputc
    printf0.o(i.__0printf$0) refers to printf0.o(i._printf_core) for _printf_core
    printf0.o(i.__0printf$0) refers to serial_debug.o(.text) for fputc
    printf0.o(i.__0printf$0) refers to stdout.o(.data) for __stdout
    printf0.o(i.__0snprintf$0) refers to printf0.o(i._printf_core) for _printf_core
    printf0.o(i.__0snprintf$0) refers to printf0.o(i._snputc) for _snputc
    printf0.o(i.__0sprintf$0) refers to printf0.o(i._printf_core) for _printf_core
    printf0.o(i.__0sprintf$0) refers to printf0.o(i._sputc) for _sputc
    printf0.o(i.__0vfprintf$0) refers to printf0.o(i._printf_core) for _printf_core
    printf0.o(i.__0vfprintf$0) refers to serial_debug.o(.text) for fputc
    printf0.o(i.__0vprintf$0) refers to printf0.o(i._printf_core) for _printf_core
    printf0.o(i.__0vprintf$0) refers to serial_debug.o(.text) for fputc
    printf0.o(i.__0vprintf$0) refers to stdout.o(.data) for __stdout
    printf0.o(i.__0vsnprintf$0) refers to printf0.o(i._printf_core) for _printf_core
    printf0.o(i.__0vsnprintf$0) refers to printf0.o(i._snputc) for _snputc
    printf0.o(i.__0vsprintf$0) refers to printf0.o(i._printf_core) for _printf_core
    printf0.o(i.__0vsprintf$0) refers to printf0.o(i._sputc) for _sputc
    printf1.o(i.__0fprintf$1) refers to printf1.o(i._printf_core) for _printf_core
    printf1.o(i.__0fprintf$1) refers to serial_debug.o(.text) for fputc
    printf1.o(i.__0printf$1) refers to printf1.o(i._printf_core) for _printf_core
    printf1.o(i.__0printf$1) refers to serial_debug.o(.text) for fputc
    printf1.o(i.__0printf$1) refers to stdout.o(.data) for __stdout
    printf1.o(i.__0snprintf$1) refers to printf1.o(i._printf_core) for _printf_core
    printf1.o(i.__0snprintf$1) refers to printf1.o(i._snputc) for _snputc
    printf1.o(i.__0sprintf$1) refers to printf1.o(i._printf_core) for _printf_core
    printf1.o(i.__0sprintf$1) refers to printf1.o(i._sputc) for _sputc
    printf1.o(i.__0vfprintf$1) refers to printf1.o(i._printf_core) for _printf_core
    printf1.o(i.__0vfprintf$1) refers to serial_debug.o(.text) for fputc
    printf1.o(i.__0vprintf$1) refers to printf1.o(i._printf_core) for _printf_core
    printf1.o(i.__0vprintf$1) refers to serial_debug.o(.text) for fputc
    printf1.o(i.__0vprintf$1) refers to stdout.o(.data) for __stdout
    printf1.o(i.__0vsnprintf$1) refers to printf1.o(i._printf_core) for _printf_core
    printf1.o(i.__0vsnprintf$1) refers to printf1.o(i._snputc) for _snputc
    printf1.o(i.__0vsprintf$1) refers to printf1.o(i._printf_core) for _printf_core
    printf1.o(i.__0vsprintf$1) refers to printf1.o(i._sputc) for _sputc
    printf1.o(i._printf_core) refers to uidiv.o(.text) for __aeabi_uidivmod
    printf2.o(i.__0fprintf$2) refers to printf2.o(i._printf_core) for _printf_core
    printf2.o(i.__0fprintf$2) refers to serial_debug.o(.text) for fputc
    printf2.o(i.__0printf$2) refers to printf2.o(i._printf_core) for _printf_core
    printf2.o(i.__0printf$2) refers to serial_debug.o(.text) for fputc
    printf2.o(i.__0printf$2) refers to stdout.o(.data) for __stdout
    printf2.o(i.__0snprintf$2) refers to printf2.o(i._printf_core) for _printf_core
    printf2.o(i.__0snprintf$2) refers to printf2.o(i._snputc) for _snputc
    printf2.o(i.__0sprintf$2) refers to printf2.o(i._printf_core) for _printf_core
    printf2.o(i.__0sprintf$2) refers to printf2.o(i._sputc) for _sputc
    printf2.o(i.__0vfprintf$2) refers to printf2.o(i._printf_core) for _printf_core
    printf2.o(i.__0vfprintf$2) refers to serial_debug.o(.text) for fputc
    printf2.o(i.__0vprintf$2) refers to printf2.o(i._printf_core) for _printf_core
    printf2.o(i.__0vprintf$2) refers to serial_debug.o(.text) for fputc
    printf2.o(i.__0vprintf$2) refers to stdout.o(.data) for __stdout
    printf2.o(i.__0vsnprintf$2) refers to printf2.o(i._printf_core) for _printf_core
    printf2.o(i.__0vsnprintf$2) refers to printf2.o(i._snputc) for _snputc
    printf2.o(i.__0vsprintf$2) refers to printf2.o(i._printf_core) for _printf_core
    printf2.o(i.__0vsprintf$2) refers to printf2.o(i._sputc) for _sputc
    printf3.o(i.__0fprintf$3) refers to printf3.o(i._printf_core) for _printf_core
    printf3.o(i.__0fprintf$3) refers to serial_debug.o(.text) for fputc
    printf3.o(i.__0printf$3) refers to printf3.o(i._printf_core) for _printf_core
    printf3.o(i.__0printf$3) refers to serial_debug.o(.text) for fputc
    printf3.o(i.__0printf$3) refers to stdout.o(.data) for __stdout
    printf3.o(i.__0snprintf$3) refers to printf3.o(i._printf_core) for _printf_core
    printf3.o(i.__0snprintf$3) refers to printf3.o(i._snputc) for _snputc
    printf3.o(i.__0sprintf$3) refers to printf3.o(i._printf_core) for _printf_core
    printf3.o(i.__0sprintf$3) refers to printf3.o(i._sputc) for _sputc
    printf3.o(i.__0vfprintf$3) refers to printf3.o(i._printf_core) for _printf_core
    printf3.o(i.__0vfprintf$3) refers to serial_debug.o(.text) for fputc
    printf3.o(i.__0vprintf$3) refers to printf3.o(i._printf_core) for _printf_core
    printf3.o(i.__0vprintf$3) refers to serial_debug.o(.text) for fputc
    printf3.o(i.__0vprintf$3) refers to stdout.o(.data) for __stdout
    printf3.o(i.__0vsnprintf$3) refers to printf3.o(i._printf_core) for _printf_core
    printf3.o(i.__0vsnprintf$3) refers to printf3.o(i._snputc) for _snputc
    printf3.o(i.__0vsprintf$3) refers to printf3.o(i._printf_core) for _printf_core
    printf3.o(i.__0vsprintf$3) refers to printf3.o(i._sputc) for _sputc
    printf3.o(i._printf_core) refers to uidiv.o(.text) for __aeabi_uidivmod
    printf4.o(i.__0fprintf$4) refers to printf4.o(i._printf_core) for _printf_core
    printf4.o(i.__0fprintf$4) refers to serial_debug.o(.text) for fputc
    printf4.o(i.__0printf$4) refers to printf4.o(i._printf_core) for _printf_core
    printf4.o(i.__0printf$4) refers to serial_debug.o(.text) for fputc
    printf4.o(i.__0printf$4) refers to stdout.o(.data) for __stdout
    printf4.o(i.__0snprintf$4) refers to printf4.o(i._printf_core) for _printf_core
    printf4.o(i.__0snprintf$4) refers to printf4.o(i._snputc) for _snputc
    printf4.o(i.__0sprintf$4) refers to printf4.o(i._printf_core) for _printf_core
    printf4.o(i.__0sprintf$4) refers to printf4.o(i._sputc) for _sputc
    printf4.o(i.__0vfprintf$4) refers to printf4.o(i._printf_core) for _printf_core
    printf4.o(i.__0vfprintf$4) refers to serial_debug.o(.text) for fputc
    printf4.o(i.__0vprintf$4) refers to printf4.o(i._printf_core) for _printf_core
    printf4.o(i.__0vprintf$4) refers to serial_debug.o(.text) for fputc
    printf4.o(i.__0vprintf$4) refers to stdout.o(.data) for __stdout
    printf4.o(i.__0vsnprintf$4) refers to printf4.o(i._printf_core) for _printf_core
    printf4.o(i.__0vsnprintf$4) refers to printf4.o(i._snputc) for _snputc
    printf4.o(i.__0vsprintf$4) refers to printf4.o(i._printf_core) for _printf_core
    printf4.o(i.__0vsprintf$4) refers to printf4.o(i._sputc) for _sputc
    printf4.o(i._printf_core) refers to uldiv.o(.text) for __aeabi_uldivmod
    printf5.o(i.__0fprintf$5) refers to printf5.o(i._printf_core) for _printf_core
    printf5.o(i.__0fprintf$5) refers to serial_debug.o(.text) for fputc
    printf5.o(i.__0printf$5) refers to printf5.o(i._printf_core) for _printf_core
    printf5.o(i.__0printf$5) refers to serial_debug.o(.text) for fputc
    printf5.o(i.__0printf$5) refers to stdout.o(.data) for __stdout
    printf5.o(i.__0snprintf$5) refers to printf5.o(i._printf_core) for _printf_core
    printf5.o(i.__0snprintf$5) refers to printf5.o(i._snputc) for _snputc
    printf5.o(i.__0sprintf$5) refers to printf5.o(i._printf_core) for _printf_core
    printf5.o(i.__0sprintf$5) refers to printf5.o(i._sputc) for _sputc
    printf5.o(i.__0vfprintf$5) refers to printf5.o(i._printf_core) for _printf_core
    printf5.o(i.__0vfprintf$5) refers to serial_debug.o(.text) for fputc
    printf5.o(i.__0vprintf$5) refers to printf5.o(i._printf_core) for _printf_core
    printf5.o(i.__0vprintf$5) refers to serial_debug.o(.text) for fputc
    printf5.o(i.__0vprintf$5) refers to stdout.o(.data) for __stdout
    printf5.o(i.__0vsnprintf$5) refers to printf5.o(i._printf_core) for _printf_core
    printf5.o(i.__0vsnprintf$5) refers to printf5.o(i._snputc) for _snputc
    printf5.o(i.__0vsprintf$5) refers to printf5.o(i._printf_core) for _printf_core
    printf5.o(i.__0vsprintf$5) refers to printf5.o(i._sputc) for _sputc
    printf5.o(i._printf_core) refers to uldiv.o(.text) for __aeabi_uldivmod
    printf6.o(i.__0fprintf$6) refers to printf6.o(i._printf_core) for _printf_core
    printf6.o(i.__0fprintf$6) refers to serial_debug.o(.text) for fputc
    printf6.o(i.__0printf$6) refers to printf6.o(i._printf_core) for _printf_core
    printf6.o(i.__0printf$6) refers to serial_debug.o(.text) for fputc
    printf6.o(i.__0printf$6) refers to stdout.o(.data) for __stdout
    printf6.o(i.__0snprintf$6) refers to printf6.o(i._printf_core) for _printf_core
    printf6.o(i.__0snprintf$6) refers to printf6.o(i._snputc) for _snputc
    printf6.o(i.__0sprintf$6) refers to printf6.o(i._printf_core) for _printf_core
    printf6.o(i.__0sprintf$6) refers to printf6.o(i._sputc) for _sputc
    printf6.o(i.__0vfprintf$6) refers to printf6.o(i._printf_core) for _printf_core
    printf6.o(i.__0vfprintf$6) refers to serial_debug.o(.text) for fputc
    printf6.o(i.__0vprintf$6) refers to printf6.o(i._printf_core) for _printf_core
    printf6.o(i.__0vprintf$6) refers to serial_debug.o(.text) for fputc
    printf6.o(i.__0vprintf$6) refers to stdout.o(.data) for __stdout
    printf6.o(i.__0vsnprintf$6) refers to printf6.o(i._printf_core) for _printf_core
    printf6.o(i.__0vsnprintf$6) refers to printf6.o(i._snputc) for _snputc
    printf6.o(i.__0vsprintf$6) refers to printf6.o(i._printf_core) for _printf_core
    printf6.o(i.__0vsprintf$6) refers to printf6.o(i._sputc) for _sputc
    printf6.o(i._printf_core) refers to printf6.o(i._printf_pre_padding) for _printf_pre_padding
    printf6.o(i._printf_core) refers to uidiv.o(.text) for __aeabi_uidivmod
    printf6.o(i._printf_core) refers to printf6.o(i._printf_post_padding) for _printf_post_padding
    printf7.o(i.__0fprintf$7) refers to printf7.o(i._printf_core) for _printf_core
    printf7.o(i.__0fprintf$7) refers to serial_debug.o(.text) for fputc
    printf7.o(i.__0printf$7) refers to printf7.o(i._printf_core) for _printf_core
    printf7.o(i.__0printf$7) refers to serial_debug.o(.text) for fputc
    printf7.o(i.__0printf$7) refers to stdout.o(.data) for __stdout
    printf7.o(i.__0snprintf$7) refers to printf7.o(i._printf_core) for _printf_core
    printf7.o(i.__0snprintf$7) refers to printf7.o(i._snputc) for _snputc
    printf7.o(i.__0sprintf$7) refers to printf7.o(i._printf_core) for _printf_core
    printf7.o(i.__0sprintf$7) refers to printf7.o(i._sputc) for _sputc
    printf7.o(i.__0vfprintf$7) refers to printf7.o(i._printf_core) for _printf_core
    printf7.o(i.__0vfprintf$7) refers to serial_debug.o(.text) for fputc
    printf7.o(i.__0vprintf$7) refers to printf7.o(i._printf_core) for _printf_core
    printf7.o(i.__0vprintf$7) refers to serial_debug.o(.text) for fputc
    printf7.o(i.__0vprintf$7) refers to stdout.o(.data) for __stdout
    printf7.o(i.__0vsnprintf$7) refers to printf7.o(i._printf_core) for _printf_core
    printf7.o(i.__0vsnprintf$7) refers to printf7.o(i._snputc) for _snputc
    printf7.o(i.__0vsprintf$7) refers to printf7.o(i._printf_core) for _printf_core
    printf7.o(i.__0vsprintf$7) refers to printf7.o(i._sputc) for _sputc
    printf7.o(i._printf_core) refers to printf7.o(i._printf_pre_padding) for _printf_pre_padding
    printf7.o(i._printf_core) refers to uldiv.o(.text) for __aeabi_uldivmod
    printf7.o(i._printf_core) refers to printf7.o(i._printf_post_padding) for _printf_post_padding
    printf8.o(i.__0fprintf$8) refers to printf8.o(i._printf_core) for _printf_core
    printf8.o(i.__0fprintf$8) refers to serial_debug.o(.text) for fputc
    printf8.o(i.__0printf$8) refers to printf8.o(i._printf_core) for _printf_core
    printf8.o(i.__0printf$8) refers to serial_debug.o(.text) for fputc
    printf8.o(i.__0printf$8) refers to stdout.o(.data) for __stdout
    printf8.o(i.__0snprintf$8) refers to printf8.o(i._printf_core) for _printf_core
    printf8.o(i.__0snprintf$8) refers to printf8.o(i._snputc) for _snputc
    printf8.o(i.__0sprintf$8) refers to printf8.o(i._printf_core) for _printf_core
    printf8.o(i.__0sprintf$8) refers to printf8.o(i._sputc) for _sputc
    printf8.o(i.__0vfprintf$8) refers to printf8.o(i._printf_core) for _printf_core
    printf8.o(i.__0vfprintf$8) refers to serial_debug.o(.text) for fputc
    printf8.o(i.__0vprintf$8) refers to printf8.o(i._printf_core) for _printf_core
    printf8.o(i.__0vprintf$8) refers to serial_debug.o(.text) for fputc
    printf8.o(i.__0vprintf$8) refers to stdout.o(.data) for __stdout
    printf8.o(i.__0vsnprintf$8) refers to printf8.o(i._printf_core) for _printf_core
    printf8.o(i.__0vsnprintf$8) refers to printf8.o(i._snputc) for _snputc
    printf8.o(i.__0vsprintf$8) refers to printf8.o(i._printf_core) for _printf_core
    printf8.o(i.__0vsprintf$8) refers to printf8.o(i._sputc) for _sputc
    printf8.o(i._printf_core) refers to printf8.o(i._printf_pre_padding) for _printf_pre_padding
    printf8.o(i._printf_core) refers to uldiv.o(.text) for __aeabi_uldivmod
    printf8.o(i._printf_core) refers to printf8.o(i._printf_post_padding) for _printf_post_padding
    printfa.o(i.__0fprintf) refers (Special) to iusefp.o(.text) for __I$use$fp
    printfa.o(i.__0fprintf) refers to printfa.o(i._printf_core) for _printf_core
    printfa.o(i.__0fprintf) refers to serial_debug.o(.text) for fputc
    printfa.o(i.__0printf) refers (Special) to iusefp.o(.text) for __I$use$fp
    printfa.o(i.__0printf) refers to printfa.o(i._printf_core) for _printf_core
    printfa.o(i.__0printf) refers to serial_debug.o(.text) for fputc
    printfa.o(i.__0printf) refers to stdout.o(.data) for __stdout
    printfa.o(i.__0snprintf) refers (Special) to iusefp.o(.text) for __I$use$fp
    printfa.o(i.__0snprintf) refers to printfa.o(i._printf_core) for _printf_core
    printfa.o(i.__0snprintf) refers to printfa.o(i._snputc) for _snputc
    printfa.o(i.__0sprintf) refers (Special) to iusefp.o(.text) for __I$use$fp
    printfa.o(i.__0sprintf) refers to printfa.o(i._printf_core) for _printf_core
    printfa.o(i.__0sprintf) refers to printfa.o(i._sputc) for _sputc
    printfa.o(i.__0vfprintf) refers (Special) to iusefp.o(.text) for __I$use$fp
    printfa.o(i.__0vfprintf) refers to printfa.o(i._printf_core) for _printf_core
    printfa.o(i.__0vfprintf) refers to serial_debug.o(.text) for fputc
    printfa.o(i.__0vprintf) refers (Special) to iusefp.o(.text) for __I$use$fp
    printfa.o(i.__0vprintf) refers to printfa.o(i._printf_core) for _printf_core
    printfa.o(i.__0vprintf) refers to serial_debug.o(.text) for fputc
    printfa.o(i.__0vprintf) refers to stdout.o(.data) for __stdout
    printfa.o(i.__0vsnprintf) refers (Special) to iusefp.o(.text) for __I$use$fp
    printfa.o(i.__0vsnprintf) refers to printfa.o(i._printf_core) for _printf_core
    printfa.o(i.__0vsnprintf) refers to printfa.o(i._snputc) for _snputc
    printfa.o(i.__0vsprintf) refers (Special) to iusefp.o(.text) for __I$use$fp
    printfa.o(i.__0vsprintf) refers to printfa.o(i._printf_core) for _printf_core
    printfa.o(i.__0vsprintf) refers to printfa.o(i._sputc) for _sputc
    printfa.o(i._fp_digits) refers (Special) to iusefp.o(.text) for __I$use$fp
    printfa.o(i._fp_digits) refers to dmul.o(.text) for __aeabi_dmul
    printfa.o(i._fp_digits) refers to ddiv.o(.text) for __aeabi_ddiv
    printfa.o(i._fp_digits) refers to cdrcmple.o(.text) for __aeabi_cdrcmple
    printfa.o(i._fp_digits) refers to dadd.o(.text) for __aeabi_dadd
    printfa.o(i._fp_digits) refers to dfixul.o(.text) for __aeabi_d2ulz
    printfa.o(i._fp_digits) refers to uldiv.o(.text) for __aeabi_uldivmod
    printfa.o(i._printf_core) refers (Special) to iusefp.o(.text) for __I$use$fp
    printfa.o(i._printf_core) refers to printfa.o(i._printf_pre_padding) for _printf_pre_padding
    printfa.o(i._printf_core) refers to uldiv.o(.text) for __aeabi_uldivmod
    printfa.o(i._printf_core) refers to printfa.o(i._printf_post_padding) for _printf_post_padding
    printfa.o(i._printf_core) refers to printfa.o(i._fp_digits) for _fp_digits
    printfa.o(i._printf_core) refers to uidiv.o(.text) for __aeabi_uidivmod
    printfa.o(i._printf_post_padding) refers (Special) to iusefp.o(.text) for __I$use$fp
    printfa.o(i._printf_pre_padding) refers (Special) to iusefp.o(.text) for __I$use$fp
    printfa.o(i._snputc) refers (Special) to iusefp.o(.text) for __I$use$fp
    printfa.o(i._sputc) refers (Special) to iusefp.o(.text) for __I$use$fp
    malloc.o(i.free) refers to mvars.o(.data) for __microlib_freelist
    malloc.o(i.malloc) refers to mvars.o(.data) for __microlib_freelist_initialised
    malloc.o(i.malloc) refers to mvars.o(.data) for __microlib_freelist
    malloc.o(i.malloc) refers to startup_tm4c123.o(HEAP) for __heap_base
    mallocr.o(i.__free$realloc) refers to mvars.o(.data) for __microlib_freelist
    mallocr.o(i.__malloc$realloc) refers to mallocr.o(i.internal_alloc) for internal_alloc
    mallocr.o(i.__malloc$realloc) refers to mvars.o(.data) for __microlib_freelist_initialised
    mallocr.o(i.__malloc$realloc) refers to startup_tm4c123.o(HEAP) for __heap_base
    mallocr.o(i.__malloc$realloc) refers to mvars.o(.data) for __microlib_freelist
    mallocr.o(i.internal_alloc) refers to memcpya.o(.text) for __aeabi_memcpy
    mallocr.o(i.internal_alloc) refers to mvars.o(.data) for __microlib_freelist
    mallocr.o(i.realloc) refers to mallocr.o(i.__free$realloc) for __free$realloc
    mallocr.o(i.realloc) refers to mallocr.o(i.internal_alloc) for internal_alloc
    mallocr.o(i.realloc) refers to mallocr.o(i.__malloc$realloc) for __malloc$realloc
    mallocr.o(i.realloc) refers to mvars.o(.data) for __microlib_freelist
    malloca.o(i.__aligned_malloc) refers to mvars.o(.data) for __microlib_freelist_initialised
    malloca.o(i.__aligned_malloc) refers to mvars.o(.data) for __microlib_freelist
    malloca.o(i.__aligned_malloc) refers to startup_tm4c123.o(HEAP) for __heap_base
    malloca.o(i.__free$memalign) refers to mvars.o(.data) for __microlib_freelist
    malloca.o(i.__malloc$memalign) refers to malloca.o(i.__aligned_malloc) for __aligned_malloc
    mallocra.o(i.__aligned_malloc$realloc) refers to mallocra.o(i.internal_alloc) for internal_alloc
    mallocra.o(i.__aligned_malloc$realloc) refers to mvars.o(.data) for __microlib_freelist_initialised
    mallocra.o(i.__aligned_malloc$realloc) refers to startup_tm4c123.o(HEAP) for __heap_base
    mallocra.o(i.__aligned_malloc$realloc) refers to mvars.o(.data) for __microlib_freelist
    mallocra.o(i.__free$realloc$memalign) refers to mvars.o(.data) for __microlib_freelist
    mallocra.o(i.__malloc$realloc$memalign) refers to mallocra.o(i.__aligned_malloc$realloc) for __aligned_malloc$realloc
    mallocra.o(i.__realloc$memalign) refers to mallocra.o(i.__free$realloc$memalign) for __free$realloc$memalign
    mallocra.o(i.__realloc$memalign) refers to mallocra.o(i.internal_alloc) for internal_alloc
    mallocra.o(i.__realloc$memalign) refers to mallocra.o(i.__malloc$realloc$memalign) for __malloc$realloc$memalign
    mallocra.o(i.__realloc$memalign) refers to mvars.o(.data) for __microlib_freelist
    mallocra.o(i.internal_alloc) refers to memcpya.o(.text) for __aeabi_memcpy
    mallocra.o(i.internal_alloc) refers to mvars.o(.data) for __microlib_freelist
    f2d.o(.text) refers (Special) to iusefp.o(.text) for __I$use$fp
    cdcmple.o(.text) refers (Special) to iusefp.o(.text) for __I$use$fp
    cdrcmple.o(.text) refers (Special) to iusefp.o(.text) for __I$use$fp
    entry2.o(.ARM.Collect$$$$00000001) refers to entry2.o(.ARM.Collect$$$$00002712) for __lit__00000000
    entry2.o(.ARM.Collect$$$$00002712) refers to startup_tm4c123.o(STACK) for __initial_sp
    entry2.o(__vectab_stack_and_reset_area) refers to startup_tm4c123.o(STACK) for __initial_sp
    entry2.o(__vectab_stack_and_reset_area) refers to entry.o(.ARM.Collect$$$$00000000) for __main
    entry5.o(.ARM.Collect$$$$00000004) refers to init.o(.text) for __scatterload
    entry9a.o(.ARM.Collect$$$$0000000B) refers to main.o(.text) for main
    entry9b.o(.ARM.Collect$$$$0000000C) refers to main.o(.text) for main
    uldiv.o(.text) refers to llushr.o(.text) for __aeabi_llsr
    uldiv.o(.text) refers to llshl.o(.text) for __aeabi_llsl
    dadd.o(.text) refers to llshl.o(.text) for __aeabi_llsl
    dadd.o(.text) refers to llsshr.o(.text) for __aeabi_lasr
    dadd.o(.text) refers to depilogue.o(.text) for _double_epilogue
    dmul.o(.text) refers to depilogue.o(.text) for _double_epilogue
    ddiv.o(.text) refers to depilogue.o(.text) for _double_round
    dfixul.o(.text) refers to llushr.o(.text) for __aeabi_llsr
    dfixul.o(.text) refers to llshl.o(.text) for __aeabi_llsl
    init.o(.text) refers to entry5.o(.ARM.Collect$$$$00000004) for __main_after_scatterload
    depilogue.o(.text) refers to llshl.o(.text) for __aeabi_llsl
    depilogue.o(.text) refers to llushr.o(.text) for __aeabi_llsr


==============================================================================

Removing Unused input sections from the image.

    Removing main.o(.rev16_text), (4 bytes).
    Removing main.o(.revsh_text), (4 bytes).
    Removing main.o(.rrx_text), (6 bytes).
    Removing project_hardware_init.o(.rev16_text), (4 bytes).
    Removing project_hardware_init.o(.revsh_text), (4 bytes).
    Removing project_hardware_init.o(.rrx_text), (6 bytes).
    Removing project_interrupts.o(.rev16_text), (4 bytes).
    Removing project_interrupts.o(.revsh_text), (4 bytes).
    Removing project_interrupts.o(.rrx_text), (6 bytes).
    Removing project_bitmaps.o(.rev16_text), (4 bytes).
    Removing project_bitmaps.o(.revsh_text), (4 bytes).
    Removing project_bitmaps.o(.rrx_text), (6 bytes).
    Removing adc.o(.rev16_text), (4 bytes).
    Removing adc.o(.revsh_text), (4 bytes).
    Removing adc.o(.rrx_text), (6 bytes).
    Removing adc.o(.text), (172 bytes).
    Removing gpio_port.o(.rev16_text), (4 bytes).
    Removing gpio_port.o(.revsh_text), (4 bytes).
    Removing gpio_port.o(.rrx_text), (6 bytes).
    Removing i2c.o(.rev16_text), (4 bytes).
    Removing i2c.o(.revsh_text), (4 bytes).
    Removing i2c.o(.rrx_text), (6 bytes).
    Removing spi.o(.rev16_text), (4 bytes).
    Removing spi.o(.revsh_text), (4 bytes).
    Removing spi.o(.rrx_text), (6 bytes).
    Removing timers.o(.rev16_text), (4 bytes).
    Removing timers.o(.revsh_text), (4 bytes).
    Removing timers.o(.rrx_text), (6 bytes).
    Removing timers.o(.text), (360 bytes).
    Removing uart.o(.rev16_text), (4 bytes).
    Removing uart.o(.revsh_text), (4 bytes).
    Removing uart.o(.rrx_text), (6 bytes).
    Removing io_expander.o(.rev16_text), (4 bytes).
    Removing io_expander.o(.revsh_text), (4 bytes).
    Removing io_expander.o(.rrx_text), (6 bytes).
    Removing accel.o(.rev16_text), (4 bytes).
    Removing accel.o(.revsh_text), (4 bytes).
    Removing accel.o(.rrx_text), (6 bytes).
    Removing eeprom.o(.rev16_text), (4 bytes).
    Removing eeprom.o(.revsh_text), (4 bytes).
    Removing eeprom.o(.rrx_text), (6 bytes).
    Removing ft6x06.o(.rev16_text), (4 bytes).
    Removing ft6x06.o(.revsh_text), (4 bytes).
    Removing ft6x06.o(.rrx_text), (6 bytes).
    Removing launchpad_io.o(.rev16_text), (4 bytes).
    Removing launchpad_io.o(.revsh_text), (4 bytes).
    Removing launchpad_io.o(.rrx_text), (6 bytes).
    Removing lcd.o(.rev16_text), (4 bytes).
    Removing lcd.o(.revsh_text), (4 bytes).
    Removing lcd.o(.rrx_text), (6 bytes).
    Removing ps2.o(.rev16_text), (4 bytes).
    Removing ps2.o(.revsh_text), (4 bytes).
    Removing ps2.o(.rrx_text), (6 bytes).
    Removing ps2.o(.text), (112 bytes).
    Removing serial_debug.o(.rev16_text), (4 bytes).
    Removing serial_debug.o(.revsh_text), (4 bytes).
    Removing serial_debug.o(.rrx_text), (6 bytes).
    Removing spi_select.o(.rev16_text), (4 bytes).
    Removing spi_select.o(.revsh_text), (4 bytes).
    Removing spi_select.o(.rrx_text), (6 bytes).
    Removing ws2812b.o(FLASH), (160 bytes).
    Removing system_tm4c123.o(.rev16_text), (4 bytes).
    Removing system_tm4c123.o(.revsh_text), (4 bytes).
    Removing system_tm4c123.o(.rrx_text), (6 bytes).
    Removing validate_uart.o(.rev16_text), (4 bytes).
    Removing validate_uart.o(.revsh_text), (4 bytes).
    Removing validate_uart.o(.rrx_text), (6 bytes).
    Removing validate_sysctl.o(.rev16_text), (4 bytes).
    Removing validate_sysctl.o(.revsh_text), (4 bytes).
    Removing validate_sysctl.o(.rrx_text), (6 bytes).
    Removing dadd.o(.text), (334 bytes).
    Removing dmul.o(.text), (228 bytes).
    Removing ddiv.o(.text), (222 bytes).
    Removing dfixul.o(.text), (48 bytes).
    Removing depilogue.o(.text), (186 bytes).

75 unused section(s) (total 2130 bytes) removed from the image.

==============================================================================

Image Symbol Table

    Local Symbols

    Symbol Name                              Value     Ov Type        Size  Object(Section)

    RESET                                    0x00000000   Section      620  startup_tm4c123.o(RESET)
    ../clib/microlib/division.c              0x00000000   Number         0  uldiv.o ABSOLUTE
    ../clib/microlib/division.c              0x00000000   Number         0  uidiv.o ABSOLUTE
    ../clib/microlib/init/entry.s            0x00000000   Number         0  entry10b.o ABSOLUTE
    ../clib/microlib/init/entry.s            0x00000000   Number         0  entry7a.o ABSOLUTE
    ../clib/microlib/init/entry.s            0x00000000   Number         0  entry5.o ABSOLUTE
    ../clib/microlib/init/entry.s            0x00000000   Number         0  entry11a.o ABSOLUTE
    ../clib/microlib/init/entry.s            0x00000000   Number         0  entry2.o ABSOLUTE
    ../clib/microlib/init/entry.s            0x00000000   Number         0  entry11b.o ABSOLUTE
    ../clib/microlib/init/entry.s            0x00000000   Number         0  entry.o ABSOLUTE
    ../clib/microlib/init/entry.s            0x00000000   Number         0  entry10a.o ABSOLUTE
    ../clib/microlib/init/entry.s            0x00000000   Number         0  entry9b.o ABSOLUTE
    ../clib/microlib/init/entry.s            0x00000000   Number         0  entry9a.o ABSOLUTE
    ../clib/microlib/init/entry.s            0x00000000   Number         0  entry8b.o ABSOLUTE
    ../clib/microlib/init/entry.s            0x00000000   Number         0  entry8a.o ABSOLUTE
    ../clib/microlib/init/entry.s            0x00000000   Number         0  entry7b.o ABSOLUTE
    ../clib/microlib/longlong.c              0x00000000   Number         0  llsshr.o ABSOLUTE
    ../clib/microlib/longlong.c              0x00000000   Number         0  llushr.o ABSOLUTE
    ../clib/microlib/longlong.c              0x00000000   Number         0  llshl.o ABSOLUTE
    ../clib/microlib/malloc/malloc.c         0x00000000   Number         0  malloc.o ABSOLUTE
    ../clib/microlib/malloc/malloc.c         0x00000000   Number         0  mallocra.o ABSOLUTE
    ../clib/microlib/malloc/malloc.c         0x00000000   Number         0  malloca.o ABSOLUTE
    ../clib/microlib/malloc/malloc.c         0x00000000   Number         0  mallocr.o ABSOLUTE
    ../clib/microlib/malloc/mvars.c          0x00000000   Number         0  mvars.o ABSOLUTE
    ../clib/microlib/printf/printf.c         0x00000000   Number         0  printfa.o ABSOLUTE
    ../clib/microlib/printf/printf.c         0x00000000   Number         0  printf2.o ABSOLUTE
    ../clib/microlib/printf/printf.c         0x00000000   Number         0  printf6.o ABSOLUTE
    ../clib/microlib/printf/printf.c         0x00000000   Number         0  printfb.o ABSOLUTE
    ../clib/microlib/printf/printf.c         0x00000000   Number         0  printf0.o ABSOLUTE
    ../clib/microlib/printf/printf.c         0x00000000   Number         0  printf3.o ABSOLUTE
    ../clib/microlib/printf/printf.c         0x00000000   Number         0  printf4.o ABSOLUTE
    ../clib/microlib/printf/printf.c         0x00000000   Number         0  printf5.o ABSOLUTE
    ../clib/microlib/printf/printf.c         0x00000000   Number         0  printf1.o ABSOLUTE
    ../clib/microlib/printf/printf.c         0x00000000   Number         0  printf7.o ABSOLUTE
    ../clib/microlib/printf/printf.c         0x00000000   Number         0  printf8.o ABSOLUTE
    ../clib/microlib/printf/stubs.s          0x00000000   Number         0  stubs.o ABSOLUTE
    ../clib/microlib/stdio/streams.c         0x00000000   Number         0  stdout.o ABSOLUTE
    ../clib/microlib/string/memcpy.c         0x00000000   Number         0  memcpya.o ABSOLUTE
    ../clib/microlib/string/memcpy.c         0x00000000   Number         0  memcpyb.o ABSOLUTE
    ../clib/microlib/stubs.s                 0x00000000   Number         0  iusefp.o ABSOLUTE
    ../fplib/microlib/f2d.c                  0x00000000   Number         0  f2d.o ABSOLUTE
    ../fplib/microlib/fpadd.c                0x00000000   Number         0  dadd.o ABSOLUTE
    ../fplib/microlib/fpdiv.c                0x00000000   Number         0  ddiv.o ABSOLUTE
    ../fplib/microlib/fpepilogue.c           0x00000000   Number         0  depilogue.o ABSOLUTE
    ../fplib/microlib/fpfix.c                0x00000000   Number         0  dfixul.o ABSOLUTE
    ../fplib/microlib/fpmul.c                0x00000000   Number         0  dmul.o ABSOLUTE
    ..\\drivers\\c\\adc.c                    0x00000000   Number         0  adc.o ABSOLUTE
    ..\\drivers\\c\\gpio_port.c              0x00000000   Number         0  gpio_port.o ABSOLUTE
    ..\\drivers\\c\\i2c.c                    0x00000000   Number         0  i2c.o ABSOLUTE
    ..\\drivers\\c\\spi.c                    0x00000000   Number         0  spi.o ABSOLUTE
    ..\\drivers\\c\\timers.c                 0x00000000   Number         0  timers.o ABSOLUTE
    ..\\drivers\\c\\uart.c                   0x00000000   Number         0  uart.o ABSOLUTE
    ..\\peripherals\\c\\accel.c              0x00000000   Number         0  accel.o ABSOLUTE
    ..\\peripherals\\c\\eeprom.c             0x00000000   Number         0  eeprom.o ABSOLUTE
    ..\\peripherals\\c\\ft6x06.c             0x00000000   Number         0  ft6x06.o ABSOLUTE
    ..\\peripherals\\c\\io_expander.c        0x00000000   Number         0  io_expander.o ABSOLUTE
    ..\\peripherals\\c\\launchpad_io.c       0x00000000   Number         0  launchpad_io.o ABSOLUTE
    ..\\peripherals\\c\\lcd.c                0x00000000   Number         0  lcd.o ABSOLUTE
    ..\\peripherals\\c\\ps2.c                0x00000000   Number         0  ps2.o ABSOLUTE
    ..\\peripherals\\c\\serial_debug.c       0x00000000   Number         0  serial_debug.o ABSOLUTE
    ..\\peripherals\\c\\spi_select.c         0x00000000   Number         0  spi_select.o ABSOLUTE
    ..\drivers\c\adc.c                       0x00000000   Number         0  adc.o ABSOLUTE
    ..\drivers\c\gpio_port.c                 0x00000000   Number         0  gpio_port.o ABSOLUTE
    ..\drivers\c\i2c.c                       0x00000000   Number         0  i2c.o ABSOLUTE
    ..\drivers\c\pc_buffer.c                 0x00000000   Number         0  pc_buffer.o ABSOLUTE
    ..\drivers\c\spi.c                       0x00000000   Number         0  spi.o ABSOLUTE
    ..\drivers\c\timers.c                    0x00000000   Number         0  timers.o ABSOLUTE
    ..\drivers\c\uart.c                      0x00000000   Number         0  uart.o ABSOLUTE
    ..\peripherals\c\accel.c                 0x00000000   Number         0  accel.o ABSOLUTE
    ..\peripherals\c\eeprom.c                0x00000000   Number         0  eeprom.o ABSOLUTE
    ..\peripherals\c\ft6x06.c                0x00000000   Number         0  ft6x06.o ABSOLUTE
    ..\peripherals\c\io_expander.c           0x00000000   Number         0  io_expander.o ABSOLUTE
    ..\peripherals\c\launchpad_io.c          0x00000000   Number         0  launchpad_io.o ABSOLUTE
    ..\peripherals\c\lcd.c                   0x00000000   Number         0  lcd.o ABSOLUTE
    ..\peripherals\c\ps2.c                   0x00000000   Number         0  ps2.o ABSOLUTE
    ..\peripherals\c\serial_debug.c          0x00000000   Number         0  serial_debug.o ABSOLUTE
    ..\peripherals\c\spi_select.c            0x00000000   Number         0  spi_select.o ABSOLUTE
    ..\peripherals\c\ws2812b.s               0x00000000   Number         0  ws2812b.o ABSOLUTE
    RTE\Device\TM4C123GH6PM\startup_TM4C123.s 0x00000000   Number         0  startup_tm4c123.o ABSOLUTE
    RTE\Device\TM4C123GH6PM\system_TM4C123.c 0x00000000   Number         0  system_tm4c123.o ABSOLUTE
    RTE\\Device\\TM4C123GH6PM\\system_TM4C123.c 0x00000000   Number         0  system_tm4c123.o ABSOLUTE
    cdcmple.s                                0x00000000   Number         0  cdcmple.o ABSOLUTE
    cdrcmple.s                               0x00000000   Number         0  cdrcmple.o ABSOLUTE
    dc.s                                     0x00000000   Number         0  dc.o ABSOLUTE
    handlers.s                               0x00000000   Number         0  handlers.o ABSOLUTE
    init.s                                   0x00000000   Number         0  init.o ABSOLUTE
    main.c                                   0x00000000   Number         0  main.o ABSOLUTE
    main.c                                   0x00000000   Number         0  main.o ABSOLUTE
    project_bitmaps.c                        0x00000000   Number         0  project_bitmaps.o ABSOLUTE
    project_bitmaps.c                        0x00000000   Number         0  project_bitmaps.o ABSOLUTE
    project_hardware_init.c                  0x00000000   Number         0  project_hardware_init.o ABSOLUTE
    project_hardware_init.c                  0x00000000   Number         0  project_hardware_init.o ABSOLUTE
    project_interrupts.c                     0x00000000   Number         0  project_interrupts.o ABSOLUTE
    project_interrupts.c                     0x00000000   Number         0  project_interrupts.o ABSOLUTE
    validate_sysctl.c                        0x00000000   Number         0  validate_sysctl.o ABSOLUTE
    validate_sysctl.c                        0x00000000   Number         0  validate_sysctl.o ABSOLUTE
    validate_uart.c                          0x00000000   Number         0  validate_uart.o ABSOLUTE
    validate_uart.c                          0x00000000   Number         0  validate_uart.o ABSOLUTE
    .ARM.Collect$$$$00000000                 0x0000026c   Section        0  entry.o(.ARM.Collect$$$$00000000)
    .ARM.Collect$$$$00000001                 0x0000026c   Section        4  entry2.o(.ARM.Collect$$$$00000001)
    .ARM.Collect$$$$00000004                 0x00000270   Section        4  entry5.o(.ARM.Collect$$$$00000004)
    .ARM.Collect$$$$00000008                 0x00000274   Section        0  entry7b.o(.ARM.Collect$$$$00000008)
    .ARM.Collect$$$$0000000A                 0x00000274   Section        0  entry8b.o(.ARM.Collect$$$$0000000A)
    .ARM.Collect$$$$0000000B                 0x00000274   Section        8  entry9a.o(.ARM.Collect$$$$0000000B)
    .ARM.Collect$$$$0000000D                 0x0000027c   Section        0  entry10a.o(.ARM.Collect$$$$0000000D)
    .ARM.Collect$$$$0000000F                 0x0000027c   Section        0  entry11a.o(.ARM.Collect$$$$0000000F)
    .ARM.Collect$$$$00002712                 0x0000027c   Section        4  entry2.o(.ARM.Collect$$$$00002712)
    __lit__00000000                          0x0000027c   Data           4  entry2.o(.ARM.Collect$$$$00002712)
    .text                                    0x00000280   Section        0  main.o(.text)
    lcd_display_menu_options                 0x00000289   Thumb Code   116  main.o(.text)
    lcd_display_menu_text                    0x000002fd   Thumb Code    34  main.o(.text)
    lcd_init_menu                            0x0000031f   Thumb Code    48  main.o(.text)
    lcd_init_level                           0x0000034f   Thumb Code    98  main.o(.text)
    lcd_redraw_field                         0x000003b1   Thumb Code   212  main.o(.text)
    lcd_high_score                           0x00000485   Thumb Code    94  main.o(.text)
    wizard_teleport                          0x000004e3   Thumb Code   212  main.o(.text)
    red_dragon_dissapear                     0x000005b7   Thumb Code    30  main.o(.text)
    shield_triggered                         0x000005d5   Thumb Code    44  main.o(.text)
    shield_lowered                           0x00000601   Thumb Code    36  main.o(.text)
    wizard_spell                             0x00000625   Thumb Code    40  main.o(.text)
    shot_clear                               0x0000064d   Thumb Code    30  main.o(.text)
    delay                                    0x0000066b   Thumb Code   138  main.o(.text)
    init_dragons                             0x000006f5   Thumb Code   294  main.o(.text)
    repaint_dragons                          0x0000081b   Thumb Code   116  main.o(.text)
    .text                                    0x00000bb0   Section        0  project_hardware_init.o(.text)
    __NVIC_EnableIRQ                         0x00000bb1   Thumb Code    34  project_hardware_init.o(.text)
    __NVIC_SetPriority                       0x00000bd3   Thumb Code    32  project_hardware_init.o(.text)
    init_touch_screen                        0x00000bf3   Thumb Code     8  project_hardware_init.o(.text)
    init_eeprom                              0x00000bfb   Thumb Code     8  project_hardware_init.o(.text)
    init_ioexpand_leds                       0x00000c03   Thumb Code    20  project_hardware_init.o(.text)
    init_accel                               0x00000c17   Thumb Code     8  project_hardware_init.o(.text)
    init_joystick                            0x00000c1f   Thumb Code    98  project_hardware_init.o(.text)
    init_ioexpand_buttons                    0x00000c81   Thumb Code    44  project_hardware_init.o(.text)
    init_timer4                              0x00000cad   Thumb Code    52  project_hardware_init.o(.text)
    init_timer5                              0x00000ce1   Thumb Code   116  project_hardware_init.o(.text)
    init_gpios                               0x00000d55   Thumb Code    66  project_hardware_init.o(.text)
    init_GPIOF                               0x00000d97   Thumb Code    48  project_hardware_init.o(.text)
    .text                                    0x00000e2c   Section        0  project_interrupts.o(.text)
    .text                                    0x000010ac   Section        0  gpio_port.o(.text)
    verify_base_addr                         0x000010ad   Thumb Code    64  gpio_port.o(.text)
    .text                                    0x00001388   Section        0  i2c.o(.text)
    .text                                    0x00001590   Section        0  pc_buffer.o(.text)
    .text                                    0x0000160c   Section        0  spi.o(.text)
    .text                                    0x0000179c   Section        0  uart.o(.text)
    .text                                    0x00001a34   Section        0  io_expander.o(.text)
    .text                                    0x00001b44   Section        0  accel.o(.text)
    accel_reg_read                           0x00001b45   Thumb Code    62  accel.o(.text)
    accel_reg_write                          0x00001b83   Thumb Code    54  accel.o(.text)
    .text                                    0x00001d20   Section        0  eeprom.o(.text)
    eeprom_wait_for_write                    0x00001d21   Thumb Code    68  eeprom.o(.text)
    .text                                    0x00001eb4   Section        0  ft6x06.o(.text)
    ft6x06_set_addr                          0x00001eb5   Thumb Code    60  ft6x06.o(.text)
    ft6x06_read_data                         0x00001ef1   Thumb Code    52  ft6x06.o(.text)
    .text                                    0x000020c4   Section        0  launchpad_io.o(.text)
    .text                                    0x0000218c   Section        0  lcd.o(.text)
    delayms                                  0x0000218d   Thumb Code    26  lcd.o(.text)
    lcd_write_cmd_u8                         0x000021a7   Thumb Code    40  lcd.o(.text)
    lcd_write_data_u8                        0x000021cf   Thumb Code    28  lcd.o(.text)
    .text                                    0x000026fc   Section        0  serial_debug.o(.text)
    .text                                    0x0000294c   Section        0  spi_select.o(.text)
    .text                                    0x000029f0   Section      252  startup_tm4c123.o(.text)
    $v0                                      0x000029f0   Number         0  startup_tm4c123.o(.text)
    .text                                    0x00002aec   Section        0  system_tm4c123.o(.text)
    getOscClk                                0x00002aed   Thumb Code   182  system_tm4c123.o(.text)
    .text                                    0x00002d3c   Section        0  validate_uart.o(.text)
    uart_get_ibrd                            0x00002de7   Thumb Code    30  validate_uart.o(.text)
    uart_get_fbrd                            0x00002e05   Thumb Code    28  validate_uart.o(.text)
    uart_get_irq_num                         0x00002e21   Thumb Code    68  validate_uart.o(.text)
    .text                                    0x0000313c   Section        0  validate_sysctl.o(.text)
    get_gpio_rcgc                            0x0000313d   Thumb Code    74  validate_sysctl.o(.text)
    get_adc_rcgc                             0x00003187   Thumb Code    28  validate_sysctl.o(.text)
    get_gpt_rcgc                             0x000031a3   Thumb Code    74  validate_sysctl.o(.text)
    get_uart_rcgc                            0x000031ed   Thumb Code    68  validate_sysctl.o(.text)
    get_spi_rcgc                             0x00003231   Thumb Code    48  validate_sysctl.o(.text)
    .text                                    0x00003308   Section        0  f2d.o(.text)
    .text                                    0x00003330   Section       48  cdcmple.o(.text)
    .text                                    0x00003360   Section       48  cdrcmple.o(.text)
    .text                                    0x00003390   Section        0  uidiv.o(.text)
    .text                                    0x000033bc   Section       36  init.o(.text)
    .text                                    0x000033bc   Section        0  iusefp.o(.text)
    i.__0sprintf$6                           0x000033e0   Section        0  printf6.o(i.__0sprintf$6)
    i.__scatterload_copy                     0x00003408   Section       14  handlers.o(i.__scatterload_copy)
    i.__scatterload_null                     0x00003416   Section        2  handlers.o(i.__scatterload_null)
    i.__scatterload_zeroinit                 0x00003418   Section       14  handlers.o(i.__scatterload_zeroinit)
    i._printf_core                           0x00003428   Section        0  printf6.o(i._printf_core)
    _printf_core                             0x00003429   Thumb Code   748  printf6.o(i._printf_core)
    i._printf_post_padding                   0x00003718   Section        0  printf6.o(i._printf_post_padding)
    _printf_post_padding                     0x00003719   Thumb Code    36  printf6.o(i._printf_post_padding)
    i._printf_pre_padding                    0x0000373c   Section        0  printf6.o(i._printf_pre_padding)
    _printf_pre_padding                      0x0000373d   Thumb Code    46  printf6.o(i._printf_pre_padding)
    i._sputc                                 0x0000376a   Section        0  printf6.o(i._sputc)
    _sputc                                   0x0000376b   Thumb Code    10  printf6.o(i._sputc)
    i.free                                   0x00003774   Section        0  malloc.o(i.free)
    i.lcd_write_data_u16                     0x000037c4   Section        0  lcd.o(i.lcd_write_data_u16)
    i.malloc                                 0x00003800   Section        0  malloc.o(i.malloc)
    .constdata                               0x0000386c   Section     3069  project_bitmaps.o(.constdata)
    .conststring                             0x0000446c   Section       92  validate_uart.o(.conststring)
    .data                                    0x20000000   Section       16  project_interrupts.o(.data)
    count                                    0x2000000c   Data           4  project_interrupts.o(.data)
    .data                                    0x20000010   Section        2  serial_debug.o(.data)
    Rx_Interrupts_Enabled                    0x20000010   Data           1  serial_debug.o(.data)
    Tx_Interrupts_Enabled                    0x20000011   Data           1  serial_debug.o(.data)
    .data                                    0x20000014   Section        4  system_tm4c123.o(.data)
    .data                                    0x20000018   Section        4  stdout.o(.data)
    .data                                    0x2000001c   Section        4  mvars.o(.data)
    .data                                    0x20000020   Section        4  mvars.o(.data)
    .bss                                     0x20000024   Section       25  main.o(.bss)
    .bss                                     0x2000003d   Section       28  serial_debug.o(.bss)
    HEAP                                     0x20000060   Section        0  startup_tm4c123.o(HEAP)
    STACK                                    0x20000060   Section     4096  startup_tm4c123.o(STACK)

    Global Symbols

    Symbol Name                              Value     Ov Type        Size  Object(Section)

    BuildAttributes$$THM_ISAv4$E$P$D$K$B$S$7EM$VFPi3$EXTD16$VFPS$VFMA$PE$A:L22UL41UL21$X:L11$S22US41US21$IEEE1$IW$USESV6$~STKCKD$USESV7$~SHL$OSPACE$ROPI$EBA8$MICROLIB$REQ8$EABIv2 0x00000000   Number         0  anon$$obj.o ABSOLUTE
    __ARM_use_no_argv                        0x00000000   Number         0  main.o ABSOLUTE
    __Vectors                                0x00000000   Data           4  startup_tm4c123.o(RESET)
    _printf_a                                0x00000000   Number         0  stubs.o ABSOLUTE
    _printf_c                                0x00000000   Number         0  stubs.o ABSOLUTE
    _printf_charcount                        0x00000000   Number         0  stubs.o ABSOLUTE
    _printf_d                                0x00000000   Number         0  stubs.o ABSOLUTE
    _printf_e                                0x00000000   Number         0  stubs.o ABSOLUTE
    _printf_f                                0x00000000   Number         0  stubs.o ABSOLUTE
    _printf_flags                            0x00000000   Number         0  stubs.o ABSOLUTE
    _printf_fp_dec                           0x00000000   Number         0  stubs.o ABSOLUTE
    _printf_fp_hex                           0x00000000   Number         0  stubs.o ABSOLUTE
    _printf_g                                0x00000000   Number         0  stubs.o ABSOLUTE
    _printf_i                                0x00000000   Number         0  stubs.o ABSOLUTE
    _printf_int_dec                          0x00000000   Number         0  stubs.o ABSOLUTE
    _printf_l                                0x00000000   Number         0  stubs.o ABSOLUTE
    _printf_lc                               0x00000000   Number         0  stubs.o ABSOLUTE
    _printf_ll                               0x00000000   Number         0  stubs.o ABSOLUTE
    _printf_lld                              0x00000000   Number         0  stubs.o ABSOLUTE
    _printf_lli                              0x00000000   Number         0  stubs.o ABSOLUTE
    _printf_llo                              0x00000000   Number         0  stubs.o ABSOLUTE
    _printf_llu                              0x00000000   Number         0  stubs.o ABSOLUTE
    _printf_llx                              0x00000000   Number         0  stubs.o ABSOLUTE
    _printf_longlong_dec                     0x00000000   Number         0  stubs.o ABSOLUTE
    _printf_longlong_hex                     0x00000000   Number         0  stubs.o ABSOLUTE
    _printf_longlong_oct                     0x00000000   Number         0  stubs.o ABSOLUTE
    _printf_ls                               0x00000000   Number         0  stubs.o ABSOLUTE
    _printf_mbtowc                           0x00000000   Number         0  stubs.o ABSOLUTE
    _printf_n                                0x00000000   Number         0  stubs.o ABSOLUTE
    _printf_o                                0x00000000   Number         0  stubs.o ABSOLUTE
    _printf_p                                0x00000000   Number         0  stubs.o ABSOLUTE
    _printf_percent                          0x00000000   Number         0  stubs.o ABSOLUTE
    _printf_pre_padding                      0x00000000   Number         0  stubs.o ABSOLUTE
    _printf_return_value                     0x00000000   Number         0  stubs.o ABSOLUTE
    _printf_s                                0x00000000   Number         0  stubs.o ABSOLUTE
    _printf_sizespec                         0x00000000   Number         0  stubs.o ABSOLUTE
    _printf_str                              0x00000000   Number         0  stubs.o ABSOLUTE
    _printf_truncate_signed                  0x00000000   Number         0  stubs.o ABSOLUTE
    _printf_truncate_unsigned                0x00000000   Number         0  stubs.o ABSOLUTE
    _printf_u                                0x00000000   Number         0  stubs.o ABSOLUTE
    _printf_wc                               0x00000000   Number         0  stubs.o ABSOLUTE
    _printf_wctomb                           0x00000000   Number         0  stubs.o ABSOLUTE
    _printf_widthprec                        0x00000000   Number         0  stubs.o ABSOLUTE
    _printf_x                                0x00000000   Number         0  stubs.o ABSOLUTE
    __cpp_initialize__aeabi_                  - Undefined Weak Reference
    __cxa_finalize                            - Undefined Weak Reference
    __decompress                              - Undefined Weak Reference
    _clock_init                               - Undefined Weak Reference
    _microlib_exit                            - Undefined Weak Reference
    __Vectors_End                            0x0000026c   Data           0  startup_tm4c123.o(RESET)
    __Vectors_Size                           0x0000026c   Number         0  startup_tm4c123.o ABSOLUTE
    __main                                   0x0000026d   Thumb Code     0  entry.o(.ARM.Collect$$$$00000000)
    _main_stk                                0x0000026d   Thumb Code     0  entry2.o(.ARM.Collect$$$$00000001)
    _main_scatterload                        0x00000271   Thumb Code     0  entry5.o(.ARM.Collect$$$$00000004)
    __main_after_scatterload                 0x00000275   Thumb Code     0  entry5.o(.ARM.Collect$$$$00000004)
    _main_clock                              0x00000275   Thumb Code     0  entry7b.o(.ARM.Collect$$$$00000008)
    _main_cpp_init                           0x00000275   Thumb Code     0  entry8b.o(.ARM.Collect$$$$0000000A)
    _main_init                               0x00000275   Thumb Code     0  entry9a.o(.ARM.Collect$$$$0000000B)
    __rt_final_cpp                           0x0000027d   Thumb Code     0  entry10a.o(.ARM.Collect$$$$0000000D)
    __rt_final_exit                          0x0000027d   Thumb Code     0  entry11a.o(.ARM.Collect$$$$0000000F)
    DisableInterrupts                        0x00000281   Thumb Code     4  main.o(.text)
    EnableInterrupts                         0x00000285   Thumb Code     4  main.o(.text)
    main                                     0x0000088f   Thumb Code   784  main.o(.text)
    initialize_hardware                      0x00000dc7   Thumb Code    64  project_hardware_init.o(.text)
    TIMER4A_Handler                          0x00000e2d   Thumb Code    50  project_interrupts.o(.text)
    TIMER5A_Handler                          0x00000e5f   Thumb Code    20  project_interrupts.o(.text)
    ADC0SS1_Handler                          0x00000e73   Thumb Code   406  project_interrupts.o(.text)
    GPIOF_Handler                            0x00001009   Thumb Code    82  project_interrupts.o(.text)
    gpio_get_irq_num                         0x000010ed   Thumb Code    74  gpio_port.o(.text)
    gpio_enable_port                         0x00001137   Thumb Code   168  gpio_port.o(.text)
    gpio_config_digital_enable               0x000011df   Thumb Code    34  gpio_port.o(.text)
    gpio_config_enable_output                0x00001201   Thumb Code    34  gpio_port.o(.text)
    gpio_config_enable_input                 0x00001223   Thumb Code    42  gpio_port.o(.text)
    gpio_config_enable_pullup                0x0000124d   Thumb Code    34  gpio_port.o(.text)
    gpio_config_enable_pulldown              0x0000126f   Thumb Code    34  gpio_port.o(.text)
    gpio_config_analog_enable                0x00001291   Thumb Code    34  gpio_port.o(.text)
    gpio_config_alternate_function           0x000012b3   Thumb Code    34  gpio_port.o(.text)
    gpio_config_port_control                 0x000012d5   Thumb Code    50  gpio_port.o(.text)
    gpio_config_open_drain                   0x00001307   Thumb Code    34  gpio_port.o(.text)
    gpio_config_falling_edge_irq             0x00001329   Thumb Code    62  gpio_port.o(.text)
    initializeI2CMaster                      0x00001389   Thumb Code   160  i2c.o(.text)
    i2cVerifyBaseAddr                        0x00001429   Thumb Code    36  i2c.o(.text)
    i2cSetSlaveAddr                          0x0000144d   Thumb Code    30  i2c.o(.text)
    i2cStop                                  0x0000146b   Thumb Code    26  i2c.o(.text)
    I2CMasterBusy                            0x00001485   Thumb Code    34  i2c.o(.text)
    I2CMasterAdrAck                          0x000014a7   Thumb Code    34  i2c.o(.text)
    I2CMasterDatAck                          0x000014c9   Thumb Code    34  i2c.o(.text)
    i2cSendByte                              0x000014eb   Thumb Code    82  i2c.o(.text)
    i2cGetByte                               0x0000153d   Thumb Code    60  i2c.o(.text)
    pc_buffer_init                           0x00001591   Thumb Code    26  pc_buffer.o(.text)
    pc_buffer_add                            0x000015ab   Thumb Code    28  pc_buffer.o(.text)
    pc_buffer_remove                         0x000015c7   Thumb Code    30  pc_buffer.o(.text)
    pc_buffer_empty                          0x000015e5   Thumb Code    18  pc_buffer.o(.text)
    pc_buffer_full                           0x000015f7   Thumb Code    22  pc_buffer.o(.text)
    spiVerifyBaseAddr                        0x0000160d   Thumb Code    34  spi.o(.text)
    initialize_spi                           0x0000162f   Thumb Code   248  spi.o(.text)
    spiTx                                    0x00001727   Thumb Code    94  spi.o(.text)
    verify_uart_base                         0x0000179d   Thumb Code    54  uart.o(.text)
    uart_get_rcgc_mask                       0x000017d3   Thumb Code    68  uart.o(.text)
    uart_get_pr_mask                         0x00001817   Thumb Code    68  uart.o(.text)
    uart_get_irq_num                         0x0000185b   Thumb Code    68  uart.o(.text)
    uart_tx_poll                             0x0000189f   Thumb Code    38  uart.o(.text)
    uart_tx_poll_string                      0x000018c5   Thumb Code    50  uart.o(.text)
    uart_rx_poll                             0x000018f7   Thumb Code    70  uart.o(.text)
    uart_init                                0x0000193d   Thumb Code   228  uart.o(.text)
    io_expander_init                         0x00001a35   Thumb Code   156  io_expander.o(.text)
    io_expander_write_reg                    0x00001ad1   Thumb Code    50  io_expander.o(.text)
    io_expander_read_reg                     0x00001b03   Thumb Code    62  io_expander.o(.text)
    accel_read_x                             0x00001bb9   Thumb Code    42  accel.o(.text)
    accel_read_y                             0x00001be3   Thumb Code    42  accel.o(.text)
    accel_read_z                             0x00001c0d   Thumb Code    42  accel.o(.text)
    accel_initialize                         0x00001c37   Thumb Code   226  accel.o(.text)
    eeprom_byte_write                        0x00001d65   Thumb Code    78  eeprom.o(.text)
    eeprom_byte_read                         0x00001db3   Thumb Code    96  eeprom.o(.text)
    eeprom_init                              0x00001e13   Thumb Code   156  eeprom.o(.text)
    ft6x06_read_td_status                    0x00001f25   Thumb Code    72  ft6x06.o(.text)
    ft6x06_read_x                            0x00001f6d   Thumb Code    90  ft6x06.o(.text)
    ft6x06_read_y                            0x00001fc7   Thumb Code    92  ft6x06.o(.text)
    ft6x06_init                              0x00002023   Thumb Code   156  ft6x06.o(.text)
    lp_io_set_pin                            0x000020c5   Thumb Code    20  launchpad_io.o(.text)
    lp_io_clear_pin                          0x000020d9   Thumb Code    20  launchpad_io.o(.text)
    lp_io_read_pin                           0x000020ed   Thumb Code    22  launchpad_io.o(.text)
    lp_io_init                               0x00002103   Thumb Code   112  launchpad_io.o(.text)
    lcd_set_pos                              0x000021eb   Thumb Code    58  lcd.o(.text)
    lcd_clear_screen                         0x00002225   Thumb Code    52  lcd.o(.text)
    lcd_draw_rectangle                       0x00002259   Thumb Code   128  lcd.o(.text)
    lcd_clear_image_move                     0x000022d9   Thumb Code    64  lcd.o(.text)
    lcd_draw_image                           0x00002319   Thumb Code   242  lcd.o(.text)
    lcd_config_gpio                          0x0000240b   Thumb Code   182  lcd.o(.text)
    lcd_config_screen                        0x000024c1   Thumb Code   568  lcd.o(.text)
    init_serial_debug                        0x000026fd   Thumb Code   122  serial_debug.o(.text)
    serial_debug_rx                          0x00002777   Thumb Code    66  serial_debug.o(.text)
    serial_debug_tx                          0x000027b9   Thumb Code   114  serial_debug.o(.text)
    fputc                                    0x0000282b   Thumb Code    66  serial_debug.o(.text)
    fgetc                                    0x0000286d   Thumb Code    50  serial_debug.o(.text)
    UART0_Handler                            0x0000289f   Thumb Code   150  serial_debug.o(.text)
    spi_select                               0x0000294d   Thumb Code    62  spi_select.o(.text)
    spi_select_init                          0x0000298b   Thumb Code    92  spi_select.o(.text)
    Reset_Handler                            0x000029f1   Thumb Code     8  startup_tm4c123.o(.text)
    NMI_Handler                              0x000029f9   Thumb Code     2  startup_tm4c123.o(.text)
    HardFault_Handler                        0x000029fb   Thumb Code     2  startup_tm4c123.o(.text)
    MemManage_Handler                        0x000029fd   Thumb Code     2  startup_tm4c123.o(.text)
    BusFault_Handler                         0x000029ff   Thumb Code     2  startup_tm4c123.o(.text)
    UsageFault_Handler                       0x00002a01   Thumb Code     2  startup_tm4c123.o(.text)
    SVC_Handler                              0x00002a03   Thumb Code     2  startup_tm4c123.o(.text)
    DebugMon_Handler                         0x00002a05   Thumb Code     2  startup_tm4c123.o(.text)
    PendSV_Handler                           0x00002a07   Thumb Code     2  startup_tm4c123.o(.text)
    SysTick_Handler                          0x00002a09   Thumb Code     2  startup_tm4c123.o(.text)
    GPIOA_Handler                            0x00002a0b   Thumb Code     2  startup_tm4c123.o(.text)
    GPIOB_Handler                            0x00002a0d   Thumb Code     2  startup_tm4c123.o(.text)
    GPIOC_Handler                            0x00002a0f   Thumb Code     2  startup_tm4c123.o(.text)
    GPIOD_Handler                            0x00002a11   Thumb Code     2  startup_tm4c123.o(.text)
    GPIOE_Handler                            0x00002a13   Thumb Code     2  startup_tm4c123.o(.text)
    UART1_Handler                            0x00002a17   Thumb Code     2  startup_tm4c123.o(.text)
    SSI0_Handler                             0x00002a19   Thumb Code     2  startup_tm4c123.o(.text)
    I2C0_Handler                             0x00002a1b   Thumb Code     2  startup_tm4c123.o(.text)
    PMW0_FAULT_Handler                       0x00002a1d   Thumb Code     2  startup_tm4c123.o(.text)
    PWM0_0_Handler                           0x00002a1f   Thumb Code     2  startup_tm4c123.o(.text)
    PWM0_1_Handler                           0x00002a21   Thumb Code     2  startup_tm4c123.o(.text)
    PWM0_2_Handler                           0x00002a23   Thumb Code     2  startup_tm4c123.o(.text)
    QEI0_Handler                             0x00002a25   Thumb Code     2  startup_tm4c123.o(.text)
    ADC0SS0_Handler                          0x00002a27   Thumb Code     2  startup_tm4c123.o(.text)
    ADC0SS2_Handler                          0x00002a2b   Thumb Code     2  startup_tm4c123.o(.text)
    ADC0SS3_Handler                          0x00002a2d   Thumb Code     2  startup_tm4c123.o(.text)
    WDT0_Handler                             0x00002a2f   Thumb Code     2  startup_tm4c123.o(.text)
    TIMER0A_Handler                          0x00002a31   Thumb Code     2  startup_tm4c123.o(.text)
    TIMER0B_Handler                          0x00002a33   Thumb Code     2  startup_tm4c123.o(.text)
    TIMER1A_Handler                          0x00002a35   Thumb Code     2  startup_tm4c123.o(.text)
    TIMER1B_Handler                          0x00002a37   Thumb Code     2  startup_tm4c123.o(.text)
    TIMER2A_Handler                          0x00002a39   Thumb Code     2  startup_tm4c123.o(.text)
    TIMER2B_Handler                          0x00002a3b   Thumb Code     2  startup_tm4c123.o(.text)
    COMP0_Handler                            0x00002a3d   Thumb Code     2  startup_tm4c123.o(.text)
    COMP1_Handler                            0x00002a3f   Thumb Code     2  startup_tm4c123.o(.text)
    COMP2_Handler                            0x00002a41   Thumb Code     2  startup_tm4c123.o(.text)
    SYSCTL_Handler                           0x00002a43   Thumb Code     2  startup_tm4c123.o(.text)
    FLASH_Handler                            0x00002a45   Thumb Code     2  startup_tm4c123.o(.text)
    GPIOG_Handler                            0x00002a49   Thumb Code     2  startup_tm4c123.o(.text)
    GPIOH_Handler                            0x00002a4b   Thumb Code     2  startup_tm4c123.o(.text)
    UART2_Handler                            0x00002a4d   Thumb Code     2  startup_tm4c123.o(.text)
    SSI1_Handler                             0x00002a4f   Thumb Code     2  startup_tm4c123.o(.text)
    TIMER3A_Handler                          0x00002a51   Thumb Code     2  startup_tm4c123.o(.text)
    TIMER3B_Handler                          0x00002a53   Thumb Code     2  startup_tm4c123.o(.text)
    I2C1_Handler                             0x00002a55   Thumb Code     2  startup_tm4c123.o(.text)
    QEI1_Handler                             0x00002a57   Thumb Code     2  startup_tm4c123.o(.text)
    CAN0_Handler                             0x00002a59   Thumb Code     2  startup_tm4c123.o(.text)
    CAN1_Handler                             0x00002a5b   Thumb Code     2  startup_tm4c123.o(.text)
    CAN2_Handler                             0x00002a5d   Thumb Code     2  startup_tm4c123.o(.text)
    HIB_Handler                              0x00002a5f   Thumb Code     2  startup_tm4c123.o(.text)
    USB0_Handler                             0x00002a61   Thumb Code     2  startup_tm4c123.o(.text)
    PWM0_3_Handler                           0x00002a63   Thumb Code     2  startup_tm4c123.o(.text)
    UDMA_Handler                             0x00002a65   Thumb Code     2  startup_tm4c123.o(.text)
    UDMAERR_Handler                          0x00002a67   Thumb Code     2  startup_tm4c123.o(.text)
    ADC1SS0_Handler                          0x00002a69   Thumb Code     2  startup_tm4c123.o(.text)
    ADC1SS1_Handler                          0x00002a6b   Thumb Code     2  startup_tm4c123.o(.text)
    ADC1SS2_Handler                          0x00002a6d   Thumb Code     2  startup_tm4c123.o(.text)
    ADC1SS3_Handler                          0x00002a6f   Thumb Code     2  startup_tm4c123.o(.text)
    GPIOJ_Handler                            0x00002a71   Thumb Code     2  startup_tm4c123.o(.text)
    GPIOK_Handler                            0x00002a73   Thumb Code     2  startup_tm4c123.o(.text)
    GPIOL_Handler                            0x00002a75   Thumb Code     2  startup_tm4c123.o(.text)
    SSI2_Handler                             0x00002a77   Thumb Code     2  startup_tm4c123.o(.text)
    SSI3_Handler                             0x00002a79   Thumb Code     2  startup_tm4c123.o(.text)
    UART3_Handler                            0x00002a7b   Thumb Code     2  startup_tm4c123.o(.text)
    UART4_Handler                            0x00002a7d   Thumb Code     2  startup_tm4c123.o(.text)
    UART5_Handler                            0x00002a7f   Thumb Code     2  startup_tm4c123.o(.text)
    UART6_Handler                            0x00002a81   Thumb Code     2  startup_tm4c123.o(.text)
    UART7_Handler                            0x00002a83   Thumb Code     2  startup_tm4c123.o(.text)
    I2C2_Handler                             0x00002a85   Thumb Code     2  startup_tm4c123.o(.text)
    I2C3_Handler                             0x00002a87   Thumb Code     2  startup_tm4c123.o(.text)
    TIMER4B_Handler                          0x00002a8b   Thumb Code     2  startup_tm4c123.o(.text)
    TIMER5B_Handler                          0x00002a8f   Thumb Code     2  startup_tm4c123.o(.text)
    WTIMER0A_Handler                         0x00002a91   Thumb Code     2  startup_tm4c123.o(.text)
    WTIMER0B_Handler                         0x00002a93   Thumb Code     2  startup_tm4c123.o(.text)
    WTIMER1A_Handler                         0x00002a95   Thumb Code     2  startup_tm4c123.o(.text)
    WTIMER1B_Handler                         0x00002a97   Thumb Code     2  startup_tm4c123.o(.text)
    WTIMER2A_Handler                         0x00002a99   Thumb Code     2  startup_tm4c123.o(.text)
    WTIMER2B_Handler                         0x00002a9b   Thumb Code     2  startup_tm4c123.o(.text)
    WTIMER3A_Handler                         0x00002a9d   Thumb Code     2  startup_tm4c123.o(.text)
    WTIMER3B_Handler                         0x00002a9f   Thumb Code     2  startup_tm4c123.o(.text)
    WTIMER4A_Handler                         0x00002aa1   Thumb Code     2  startup_tm4c123.o(.text)
    WTIMER4B_Handler                         0x00002aa3   Thumb Code     2  startup_tm4c123.o(.text)
    WTIMER5A_Handler                         0x00002aa5   Thumb Code     2  startup_tm4c123.o(.text)
    WTIMER5B_Handler                         0x00002aa7   Thumb Code     2  startup_tm4c123.o(.text)
    FPU_Handler                              0x00002aa9   Thumb Code     2  startup_tm4c123.o(.text)
    I2C4_Handler                             0x00002aab   Thumb Code     2  startup_tm4c123.o(.text)
    I2C5_Handler                             0x00002aad   Thumb Code     2  startup_tm4c123.o(.text)
    GPIOM_Handler                            0x00002aaf   Thumb Code     2  startup_tm4c123.o(.text)
    GPION_Handler                            0x00002ab1   Thumb Code     2  startup_tm4c123.o(.text)
    QEI2_Handler                             0x00002ab3   Thumb Code     2  startup_tm4c123.o(.text)
    GPIOP0_Handler                           0x00002ab5   Thumb Code     2  startup_tm4c123.o(.text)
    GPIOP1_Handler                           0x00002ab7   Thumb Code     2  startup_tm4c123.o(.text)
    GPIOP2_Handler                           0x00002ab9   Thumb Code     2  startup_tm4c123.o(.text)
    GPIOP3_Handler                           0x00002abb   Thumb Code     2  startup_tm4c123.o(.text)
    GPIOP4_Handler                           0x00002abd   Thumb Code     2  startup_tm4c123.o(.text)
    GPIOP5_Handler                           0x00002abf   Thumb Code     2  startup_tm4c123.o(.text)
    GPIOP6_Handler                           0x00002ac1   Thumb Code     2  startup_tm4c123.o(.text)
    GPIOP7_Handler                           0x00002ac3   Thumb Code     2  startup_tm4c123.o(.text)
    GPIOQ0_Handler                           0x00002ac5   Thumb Code     2  startup_tm4c123.o(.text)
    GPIOQ1_Handler                           0x00002ac7   Thumb Code     2  startup_tm4c123.o(.text)
    GPIOQ2_Handler                           0x00002ac9   Thumb Code     2  startup_tm4c123.o(.text)
    GPIOQ3_Handler                           0x00002acb   Thumb Code     2  startup_tm4c123.o(.text)
    GPIOQ4_Handler                           0x00002acd   Thumb Code     2  startup_tm4c123.o(.text)
    GPIOQ5_Handler                           0x00002acf   Thumb Code     2  startup_tm4c123.o(.text)
    GPIOQ6_Handler                           0x00002ad1   Thumb Code     2  startup_tm4c123.o(.text)
    GPIOQ7_Handler                           0x00002ad3   Thumb Code     2  startup_tm4c123.o(.text)
    GPIOR_Handler                            0x00002ad5   Thumb Code     2  startup_tm4c123.o(.text)
    GPIOS_Handler                            0x00002ad7   Thumb Code     2  startup_tm4c123.o(.text)
    PMW1_0_Handler                           0x00002ad9   Thumb Code     2  startup_tm4c123.o(.text)
    PWM1_1_Handler                           0x00002adb   Thumb Code     2  startup_tm4c123.o(.text)
    PWM1_2_Handler                           0x00002add   Thumb Code     2  startup_tm4c123.o(.text)
    PWM1_3_Handler                           0x00002adf   Thumb Code     2  startup_tm4c123.o(.text)
    PWM1_FAULT_Handler                       0x00002ae1   Thumb Code     2  startup_tm4c123.o(.text)
    SystemCoreClockUpdate                    0x00002ba3   Thumb Code   184  system_tm4c123.o(.text)
    SystemInit                               0x00002c5b   Thumb Code   112  system_tm4c123.o(.text)
    put_string                               0x00002d3d   Thumb Code    34  validate_uart.o(.text)
    validate_print_ice_validation_info_start 0x00002d5f   Thumb Code    68  validate_uart.o(.text)
    validate_print_ice_validation_info_end   0x00002da3   Thumb Code    68  validate_uart.o(.text)
    staff_uart_config_gpio                   0x00002e65   Thumb Code    82  validate_uart.o(.text)
    staff_uart_config_polling                0x00002eb7   Thumb Code    68  validate_uart.o(.text)
    validate_uart_baud_rate                  0x00002efb   Thumb Code    26  validate_uart.o(.text)
    validate_uart_line_control               0x00002f15   Thumb Code    18  validate_uart.o(.text)
    validate_uart_interrupt_mask             0x00002f27   Thumb Code    18  validate_uart.o(.text)
    validate_uart_control                    0x00002f39   Thumb Code    18  validate_uart.o(.text)
    validate_uart_interrupts_enabled         0x00002f4b   Thumb Code    44  validate_uart.o(.text)
    put_char                                 0x00002f77   Thumb Code    20  validate_uart.o(.text)
    get_char                                 0x00002f8b   Thumb Code    62  validate_uart.o(.text)
    get_string                               0x00002fc9   Thumb Code    40  validate_uart.o(.text)
    initialize_serial_debug                  0x00002ff1   Thumb Code    12  validate_uart.o(.text)
    print_test_status                        0x00002ffd   Thumb Code    52  validate_uart.o(.text)
    validate_uart                            0x00003031   Thumb Code   126  validate_uart.o(.text)
    validate_gpio_rcgc                       0x00003261   Thumb Code    26  validate_sysctl.o(.text)
    validate_adc_rcgc                        0x0000327b   Thumb Code    28  validate_sysctl.o(.text)
    validate_gpt_rcgc                        0x00003297   Thumb Code    28  validate_sysctl.o(.text)
    validate_uart_rcgc                       0x000032b3   Thumb Code    28  validate_sysctl.o(.text)
    validate_spi_rcgc                        0x000032cf   Thumb Code    28  validate_sysctl.o(.text)
    __aeabi_f2d                              0x00003309   Thumb Code    38  f2d.o(.text)
    __aeabi_cdcmpeq                          0x00003331   Thumb Code     0  cdcmple.o(.text)
    __aeabi_cdcmple                          0x00003331   Thumb Code    48  cdcmple.o(.text)
    __aeabi_cdrcmple                         0x00003361   Thumb Code    48  cdrcmple.o(.text)
    __aeabi_uidiv                            0x00003391   Thumb Code     0  uidiv.o(.text)
    __aeabi_uidivmod                         0x00003391   Thumb Code    44  uidiv.o(.text)
    __I$use$fp                               0x000033bd   Thumb Code     0  iusefp.o(.text)
    __scatterload                            0x000033bd   Thumb Code    28  init.o(.text)
    __scatterload_rt2                        0x000033bd   Thumb Code     0  init.o(.text)
    __0sprintf$6                             0x000033e1   Thumb Code    34  printf6.o(i.__0sprintf$6)
    __1sprintf$6                             0x000033e1   Thumb Code     0  printf6.o(i.__0sprintf$6)
    __2sprintf                               0x000033e1   Thumb Code     0  printf6.o(i.__0sprintf$6)
    __scatterload_copy                       0x00003409   Thumb Code    14  handlers.o(i.__scatterload_copy)
    __scatterload_null                       0x00003417   Thumb Code     2  handlers.o(i.__scatterload_null)
    __scatterload_zeroinit                   0x00003419   Thumb Code    14  handlers.o(i.__scatterload_zeroinit)
    free                                     0x00003775   Thumb Code    76  malloc.o(i.free)
    lcd_write_data_u16                       0x000037c5   Thumb Code    48  lcd.o(i.lcd_write_data_u16)
    malloc                                   0x00003801   Thumb Code    92  malloc.o(i.malloc)
    dragon_bitmap                            0x0000386c   Data         270  project_bitmaps.o(.constdata)
    dragon_bitmap_width                      0x0000397a   Data           1  project_bitmaps.o(.constdata)
    dragon_bitmap_height                     0x0000397b   Data           1  project_bitmaps.o(.constdata)
    blue_orb_bitmap                          0x0000397c   Data          34  project_bitmaps.o(.constdata)
    blue_orb_width                           0x0000399e   Data           1  project_bitmaps.o(.constdata)
    blue_orb_height                          0x0000399f   Data           1  project_bitmaps.o(.constdata)
    shield_bitmap                            0x000039a0   Data          33  project_bitmaps.o(.constdata)
    shield_width                             0x000039c1   Data           1  project_bitmaps.o(.constdata)
    shield_height                            0x000039c2   Data           1  project_bitmaps.o(.constdata)
    menu_dragon                              0x000039c3   Data         990  project_bitmaps.o(.constdata)
    menu_dragon_width                        0x00003da1   Data           1  project_bitmaps.o(.constdata)
    menu_dragon_height                       0x00003da2   Data           1  project_bitmaps.o(.constdata)
    game_title_bitmap                        0x00003da3   Data         156  project_bitmaps.o(.constdata)
    game_title_descriptors                   0x00003e40   Data         216  project_bitmaps.o(.constdata)
    game_title_font_info                     0x00003f18   Data          12  project_bitmaps.o(.constdata)
    menu_title_bitmap                        0x00003f24   Data         357  project_bitmaps.o(.constdata)
    menu_title_width                         0x00004089   Data           1  project_bitmaps.o(.constdata)
    menu_title_height                        0x0000408a   Data           1  project_bitmaps.o(.constdata)
    start_bitmap                             0x0000408b   Data         192  project_bitmaps.o(.constdata)
    start_width                              0x0000414b   Data           1  project_bitmaps.o(.constdata)
    start_height                             0x0000414c   Data           1  project_bitmaps.o(.constdata)
    high_score_bitmap                        0x0000414d   Data         320  project_bitmaps.o(.constdata)
    high_score_width                         0x0000428d   Data           1  project_bitmaps.o(.constdata)
    high_score_height                        0x0000428e   Data           1  project_bitmaps.o(.constdata)
    back_menu_bitmap                         0x0000428f   Data         228  project_bitmaps.o(.constdata)
    back_menu_width                          0x00004373   Data           1  project_bitmaps.o(.constdata)
    back_menu_height                         0x00004374   Data           1  project_bitmaps.o(.constdata)
    wizard_bitmap                            0x00004375   Data         108  project_bitmaps.o(.constdata)
    wizard_width                             0x000043e1   Data           1  project_bitmaps.o(.constdata)
    wizard_height                            0x000043e2   Data           1  project_bitmaps.o(.constdata)
    small_dragon_bitmap                      0x000043e3   Data         132  project_bitmaps.o(.constdata)
    small_dragon_width                       0x00004467   Data           1  project_bitmaps.o(.constdata)
    small_dragon_height                      0x00004468   Data           1  project_bitmaps.o(.constdata)
    Region$$Table$$Base                      0x000044c8   Number         0  anon$$obj.o(Region$$Table)
    Region$$Table$$Limit                     0x000044e8   Number         0  anon$$obj.o(Region$$Table)
    joy_dir                                  0x20000000   Data           1  project_interrupts.o(.data)
    SW1_Pressed                              0x20000001   Data           1  project_interrupts.o(.data)
    left                                     0x20000002   Data           1  project_interrupts.o(.data)
    right                                    0x20000003   Data           1  project_interrupts.o(.data)
    up                                       0x20000004   Data           1  project_interrupts.o(.data)
    down                                     0x20000005   Data           1  project_interrupts.o(.data)
    center                                   0x20000006   Data           1  project_interrupts.o(.data)
    R                                        0x20000007   Data           1  project_interrupts.o(.data)
    U                                        0x20000008   Data           1  project_interrupts.o(.data)
    D                                        0x20000009   Data           1  project_interrupts.o(.data)
    L                                        0x2000000a   Data           1  project_interrupts.o(.data)
    SystemCoreClock                          0x20000014   Data           4  system_tm4c123.o(.data)
    __stdout                                 0x20000018   Data           4  stdout.o(.data)
    __microlib_freelist                      0x2000001c   Data           4  mvars.o(.data)
    __microlib_freelist_initialised          0x20000020   Data           4  mvars.o(.data)
    dragons                                  0x20000024   Data          25  main.o(.bss)
    UART0_Tx_Buffer                          0x2000003d   Data          14  serial_debug.o(.bss)
    UART0_Rx_Buffer                          0x2000004b   Data          14  serial_debug.o(.bss)
    __heap_base                              0x20000060   Data           0  startup_tm4c123.o(HEAP)
    __heap_limit                             0x20000060   Data           0  startup_tm4c123.o(HEAP)
    __initial_sp                             0x20001060   Data           0  startup_tm4c123.o(STACK)



==============================================================================

Memory Map of the image

  Image Entry point : 0x000029f1

  Load Region LR_1 (Base: 0x00000000, Size: 0x0000450c, Max: 0xffffffff, ABSOLUTE)

    Execution Region ER_RO (Exec base: 0x00000000, Load base: 0x00000000, Size: 0x000044e8, Max: 0xffffffff, ABSOLUTE)

    Exec Addr    Load Addr    Size         Type   Attr      Idx    E Section Name        Object

    0x00000000   0x00000000   0x0000026c   Data   RO          645    RESET               startup_tm4c123.o
    0x0000026c   0x0000026c   0x00000000   Code   RO          786  * .ARM.Collect$$$$00000000  mc_w.l(entry.o)
    0x0000026c   0x0000026c   0x00000004   Code   RO         1085    .ARM.Collect$$$$00000001  mc_w.l(entry2.o)
    0x00000270   0x00000270   0x00000004   Code   RO         1088    .ARM.Collect$$$$00000004  mc_w.l(entry5.o)
    0x00000274   0x00000274   0x00000000   Code   RO         1090    .ARM.Collect$$$$00000008  mc_w.l(entry7b.o)
    0x00000274   0x00000274   0x00000000   Code   RO         1092    .ARM.Collect$$$$0000000A  mc_w.l(entry8b.o)
    0x00000274   0x00000274   0x00000008   Code   RO         1093    .ARM.Collect$$$$0000000B  mc_w.l(entry9a.o)
    0x0000027c   0x0000027c   0x00000000   Code   RO         1095    .ARM.Collect$$$$0000000D  mc_w.l(entry10a.o)
    0x0000027c   0x0000027c   0x00000000   Code   RO         1097    .ARM.Collect$$$$0000000F  mc_w.l(entry11a.o)
    0x0000027c   0x0000027c   0x00000004   Code   RO         1086    .ARM.Collect$$$$00002712  mc_w.l(entry2.o)
    0x00000280   0x00000280   0x00000930   Code   RO            4    .text               main.o
    0x00000bb0   0x00000bb0   0x0000027c   Code   RO          152    .text               project_hardware_init.o
    0x00000e2c   0x00000e2c   0x00000280   Code   RO          180    .text               project_interrupts.o
    0x000010ac   0x000010ac   0x000002dc   Code   RO          262    .text               gpio_port.o
    0x00001388   0x00001388   0x00000208   Code   RO          286    .text               i2c.o
    0x00001590   0x00001590   0x0000007c   Code   RO          307    .text               pc_buffer.o
    0x0000160c   0x0000160c   0x00000190   Code   RO          325    .text               spi.o
    0x0000179c   0x0000179c   0x00000298   Code   RO          373    .text               uart.o
    0x00001a34   0x00001a34   0x00000110   Code   RO          401    .text               io_expander.o
    0x00001b44   0x00001b44   0x000001dc   Code   RO          432    .text               accel.o
    0x00001d20   0x00001d20   0x00000194   Code   RO          456    .text               eeprom.o
    0x00001eb4   0x00001eb4   0x00000210   Code   RO          480    .text               ft6x06.o
    0x000020c4   0x000020c4   0x000000c8   Code   RO          504    .text               launchpad_io.o
    0x0000218c   0x0000218c   0x00000570   Code   RO          528    .text               lcd.o
    0x000026fc   0x000026fc   0x00000250   Code   RO          582    .text               serial_debug.o
    0x0000294c   0x0000294c   0x000000a4   Code   RO          618    .text               spi_select.o
    0x000029f0   0x000029f0   0x000000fc   Code   RO          646  * .text               startup_tm4c123.o
    0x00002aec   0x00002aec   0x00000250   Code   RO          653    .text               system_tm4c123.o
    0x00002d3c   0x00002d3c   0x00000400   Code   RO          683    .text               ECE353-Validate.lib(validate_uart.o)
    0x0000313c   0x0000313c   0x000001cc   Code   RO          765    .text               ECE353-Validate.lib(validate_sysctl.o)
    0x00003308   0x00003308   0x00000026   Code   RO         1079    .text               mf_w.l(f2d.o)
    0x0000332e   0x0000332e   0x00000002   PAD
    0x00003330   0x00003330   0x00000030   Code   RO         1081    .text               mf_w.l(cdcmple.o)
    0x00003360   0x00003360   0x00000030   Code   RO         1083    .text               mf_w.l(cdrcmple.o)
    0x00003390   0x00003390   0x0000002c   Code   RO         1099    .text               mc_w.l(uidiv.o)
    0x000033bc   0x000033bc   0x00000000   Code   RO         1109    .text               mc_w.l(iusefp.o)
    0x000033bc   0x000033bc   0x00000024   Code   RO         1118    .text               mc_w.l(init.o)
    0x000033e0   0x000033e0   0x00000028   Code   RO          947    i.__0sprintf$6      mc_w.l(printf6.o)
    0x00003408   0x00003408   0x0000000e   Code   RO         1130    i.__scatterload_copy  mc_w.l(handlers.o)
    0x00003416   0x00003416   0x00000002   Code   RO         1131    i.__scatterload_null  mc_w.l(handlers.o)
    0x00003418   0x00003418   0x0000000e   Code   RO         1132    i.__scatterload_zeroinit  mc_w.l(handlers.o)
    0x00003426   0x00003426   0x00000002   PAD
    0x00003428   0x00003428   0x000002f0   Code   RO          952    i._printf_core      mc_w.l(printf6.o)
    0x00003718   0x00003718   0x00000024   Code   RO          953    i._printf_post_padding  mc_w.l(printf6.o)
    0x0000373c   0x0000373c   0x0000002e   Code   RO          954    i._printf_pre_padding  mc_w.l(printf6.o)
    0x0000376a   0x0000376a   0x0000000a   Code   RO          956    i._sputc            mc_w.l(printf6.o)
    0x00003774   0x00003774   0x00000050   Code   RO         1051    i.free              mc_w.l(malloc.o)
    0x000037c4   0x000037c4   0x0000003c   Code   RO          546    i.lcd_write_data_u16  lcd.o
    0x00003800   0x00003800   0x0000006c   Code   RO         1052    i.malloc            mc_w.l(malloc.o)
    0x0000386c   0x0000386c   0x00000bfd   Data   RO          210    .constdata          project_bitmaps.o
    0x00004469   0x00004469   0x00000003   PAD
    0x0000446c   0x0000446c   0x0000005c   Data   RO          684    .conststring        ECE353-Validate.lib(validate_uart.o)
    0x000044c8   0x000044c8   0x00000020   Data   RO         1128    Region$$Table       anon$$obj.o


    Execution Region ER_RW (Exec base: 0x20000000, Load base: 0x000044e8, Size: 0x00000024, Max: 0xffffffff, ABSOLUTE)

    Exec Addr    Load Addr    Size         Type   Attr      Idx    E Section Name        Object

    0x20000000   0x000044e8   0x00000010   Data   RW          181    .data               project_interrupts.o
    0x20000010   0x000044f8   0x00000002   Data   RW          584    .data               serial_debug.o
    0x20000012   0x000044fa   0x00000002   PAD
    0x20000014   0x000044fc   0x00000004   Data   RW          654    .data               system_tm4c123.o
    0x20000018   0x00004500   0x00000004   Data   RW          789    .data               mc_w.l(stdout.o)
    0x2000001c   0x00004504   0x00000004   Data   RW         1107    .data               mc_w.l(mvars.o)
    0x20000020   0x00004508   0x00000004   Data   RW         1108    .data               mc_w.l(mvars.o)


    Execution Region ER_ZI (Exec base: 0x20000024, Load base: 0x0000450c, Size: 0x0000103c, Max: 0xffffffff, ABSOLUTE)

    Exec Addr    Load Addr    Size         Type   Attr      Idx    E Section Name        Object

    0x20000024        -       0x00000019   Zero   RW            5    .bss                main.o
    0x2000003d        -       0x0000001c   Zero   RW          583    .bss                serial_debug.o
    0x20000059   0x0000450c   0x00000007   PAD
    0x20000060        -       0x00000000   Zero   RW          644    HEAP                startup_tm4c123.o
    0x20000060        -       0x00001000   Zero   RW          643    STACK               startup_tm4c123.o


==============================================================================

Image component sizes


      Code (inc. data)   RO Data    RW Data    ZI Data      Debug   Object Name

       476          8          0          0          0       2238   accel.o
       404          6          0          0          0       2121   eeprom.o
       528          6          0          0          0       2576   ft6x06.o
       732         34          0          0          0       5254   gpio_port.o
       520         24          0          0          0       3721   i2c.o
       272          4          0          0          0       1194   io_expander.o
       200         26          0          0          0       2010   launchpad_io.o
      1452         34          0          0          0       4905   lcd.o
      2352        176          0          0         25      36210   main.o
       124          0          0          0          0       1983   pc_buffer.o
         0          0       3069          0          0       2890   project_bitmaps.o
       636         38          0          0          0       2590   project_hardware_init.o
       640         82          0         16          0       2732   project_interrupts.o
       592         24          0          2         28       5977   serial_debug.o
       400         24          0          0          0       1913   spi.o
       164         10          0          0          0        897   spi_select.o
       252         10        620          0       4096       5464   startup_tm4c123.o
       592        138          0          4          0       1601   system_tm4c123.o
       664         52          0          0          0      33607   uart.o

    ----------------------------------------------------------------------
     11000        696       3724         24       4156     119883   Object Totals
         0          0         32          0          0          0   (incl. Generated)
         0          0          3          2          7          0   (incl. Padding)

    ----------------------------------------------------------------------

      Code (inc. data)   RO Data    RW Data    ZI Data      Debug   Library Member Name

       460         38          0          0          0       2598   validate_sysctl.o
      1024        150         92          0          0      31422   validate_uart.o
         0          0          0          0          0          0   entry.o
         0          0          0          0          0          0   entry10a.o
         0          0          0          0          0          0   entry11a.o
         8          4          0          0          0          0   entry2.o
         4          0          0          0          0          0   entry5.o
         0          0          0          0          0          0   entry7b.o
         0          0          0          0          0          0   entry8b.o
         8          4          0          0          0          0   entry9a.o
        30          0          0          0          0          0   handlers.o
        36          8          0          0          0         68   init.o
         0          0          0          0          0          0   iusefp.o
       188         20          0          0          0        160   malloc.o
         0          0          0          8          0          0   mvars.o
       884         10          0          0          0        420   printf6.o
         0          0          0          4          0          0   stdout.o
        44          0          0          0          0         80   uidiv.o
        48          0          0          0          0         68   cdcmple.o
        48          0          0          0          0         68   cdrcmple.o
        38          0          0          0          0         68   f2d.o

    ----------------------------------------------------------------------
      2824        234         92         12          0      34952   Library Totals
         4          0          0          0          0          0   (incl. Padding)

    ----------------------------------------------------------------------

      Code (inc. data)   RO Data    RW Data    ZI Data      Debug   Library Name

      1484        188         92          0          0      34020   ECE353-Validate.lib
      1202         46          0         12          0        728   mc_w.l
       134          0          0          0          0        204   mf_w.l

    ----------------------------------------------------------------------
      2824        234         92         12          0      34952   Library Totals

    ----------------------------------------------------------------------

==============================================================================


      Code (inc. data)   RO Data    RW Data    ZI Data      Debug   

     13824        930       3816         36       4156     151723   Grand Totals
     13824        930       3816         36       4156     151723   ELF Image Totals
     13824        930       3816         36          0          0   ROM Totals

==============================================================================

    Total RO  Size (Code + RO Data)                17640 (  17.23kB)
    Total RW  Size (RW Data + ZI Data)              4192 (   4.09kB)
    Total ROM Size (Code + RO Data + RW Data)      17676 (  17.26kB)

==============================================================================

